******************************************************************************
             TMS320C2000 Linker PC v15.12.3                    
******************************************************************************
>> Linked Fri Sep 23 15:46:21 2016

OUTPUT FILE NAME:   <../ADC_LED_CAN.out>
ENTRY POINT SYMBOL: "_c_int00"  address: 00081a48


MEMORY CONFIGURATION

         name            origin    length      used     unused   attr    fill
----------------------  --------  ---------  --------  --------  ----  --------
PAGE 0:
  BEGIN                 00000000   00000002  00000000  00000002  RWIX
  RAMM0                 00000122   000002de  00000000  000002de  RWIX
  RAMLS_PROG            00009000   00002000  0000003b  00001fc5  RWIX
  RAMD0                 0000b000   00000800  00000000  00000800  RWIX
  RAMGS_PROG            00017000   00001000  00000000  00001000  RWIX
  BEGIN_FLASH           00080000   00000002  00000002  00000000  RWIX
  FLASHA_N              00080002   0003fffe  00001f12  0003e0ec  RWIX
  RESET                 003fffc0   00000002  00000000  00000002  RWIX

PAGE 1:
  BOOT_RSVD             00000002   00000120  00000000  00000120  RWIX
  RAMM1                 00000400   00000400  00000200  00000200  RWIX
  ADCA_RESULT           00000b00   00000020  00000018  00000008  RWIX
  ADCB_RESULT           00000b20   00000020  00000018  00000008  RWIX
  ADCC_RESULT           00000b40   00000020  00000018  00000008  RWIX
  ADCD_RESULT           00000b60   00000020  00000018  00000008  RWIX
  CPU_TIMER0            00000c00   00000008  00000008  00000000  RWIX
  CPU_TIMER1            00000c08   00000008  00000008  00000000  RWIX
  CPU_TIMER2            00000c10   00000008  00000008  00000000  RWIX
  PIE_CTRL              00000ce0   00000020  0000001a  00000006  RWIX
  PIE_VECT              00000d00   00000200  00000000  00000200  RWIX
  DMA                   00001000   00000200  000000e0  00000120  RWIX
  CLA1                  00001400   00000040  0000003e  00000002  RWIX
  CLA1_MSGRAMLOW        00001480   00000080  00000000  00000080  RWIX
  CLA1_MSGRAMHIGH       00001500   00000080  00000000  00000080  RWIX
  EPWM1                 00004000   00000100  00000100  00000000  RWIX
  EPWM2                 00004100   00000100  00000100  00000000  RWIX
  EPWM3                 00004200   00000100  00000100  00000000  RWIX
  EPWM4                 00004300   00000100  00000100  00000000  RWIX
  EPWM5                 00004400   00000100  00000100  00000000  RWIX
  EPWM6                 00004500   00000100  00000100  00000000  RWIX
  EPWM7                 00004600   00000100  00000100  00000000  RWIX
  EPWM8                 00004700   00000100  00000100  00000000  RWIX
  EPWM9                 00004800   00000100  00000100  00000000  RWIX
  EPWM10                00004900   00000100  00000100  00000000  RWIX
  EPWM11                00004a00   00000100  00000100  00000000  RWIX
  EPWM12                00004b00   00000100  00000100  00000000  RWIX
  ECAP1                 00005000   00000020  00000020  00000000  RWIX
  ECAP2                 00005020   00000020  00000020  00000000  RWIX
  ECAP3                 00005040   00000020  00000020  00000000  RWIX
  ECAP4                 00005060   00000020  00000020  00000000  RWIX
  ECAP5                 00005080   00000020  00000020  00000000  RWIX
  ECAP6                 000050a0   00000020  00000020  00000000  RWIX
  EQEP1                 00005100   00000040  00000022  0000001e  RWIX
  EQEP2                 00005140   00000040  00000022  0000001e  RWIX
  EQEP3                 00005180   00000040  00000022  0000001e  RWIX
  DACA                  00005c00   00000010  00000008  00000008  RWIX
  DACB                  00005c10   00000010  00000008  00000008  RWIX
  DACC                  00005c20   00000010  00000008  00000008  RWIX
  CMPSS1                00005c80   00000020  00000020  00000000  RWIX
  CMPSS2                00005ca0   00000020  00000020  00000000  RWIX
  CMPSS3                00005cc0   00000020  00000020  00000000  RWIX
  CMPSS4                00005ce0   00000020  00000020  00000000  RWIX
  CMPSS5                00005d00   00000020  00000020  00000000  RWIX
  CMPSS6                00005d20   00000020  00000020  00000000  RWIX
  CMPSS7                00005d40   00000020  00000020  00000000  RWIX
  CMPSS8                00005d60   00000020  00000020  00000000  RWIX
  SDFM1                 00005e00   00000080  00000080  00000000  RWIX
  SDFM2                 00005e80   00000080  00000080  00000000  RWIX
  MCBSPA                00006000   00000040  00000024  0000001c  RWIX
  MCBSPB                00006040   00000040  00000024  0000001c  RWIX
  SPIA                  00006100   00000010  00000010  00000000  RWIX
  SPIB                  00006110   00000010  00000010  00000000  RWIX
  SPIC                  00006120   00000010  00000010  00000000  RWIX
  SPID                  00006130   00000010  00000000  00000010  RWIX
  UPP                   00006200   00000100  00000048  000000b8  RWIX
  WD                    00007000   00000040  0000002b  00000015  RWIX
  NMIINTRUPT            00007060   00000010  00000007  00000009  RWIX
  XINT                  00007070   00000010  0000000b  00000005  RWIX
  SCIA                  00007200   00000010  00000010  00000000  RWIX
  SCIB                  00007210   00000010  00000010  00000000  RWIX
  SCIC                  00007220   00000010  00000010  00000000  RWIX
  SCID                  00007230   00000010  00000010  00000000  RWIX
  I2CA                  00007300   00000040  00000022  0000001e  RWIX
  I2CB                  00007340   00000040  00000022  0000001e  RWIX
  ADCA                  00007400   00000080  00000080  00000000  RWIX
  ADCB                  00007480   00000080  00000080  00000000  RWIX
  ADCC                  00007500   00000080  00000080  00000000  RWIX
  ADCD                  00007580   00000080  00000080  00000000  RWIX
  INPUT_XBAR            00007900   00000020  00000020  00000000  RWIX
  XBAR                  00007920   00000020  00000020  00000000  RWIX
  SYNC_SOC              00007940   00000010  00000006  0000000a  RWIX
  DMACLASRCSEL          00007980   00000040  0000001a  00000026  RWIX
  EPWM_XBAR             00007a00   00000040  00000040  00000000  RWIX
  CLB_XBAR              00007a40   00000040  00000000  00000040  RWIX
  OUTPUT_XBAR           00007a80   00000040  00000040  00000000  RWIX
  GPIOCTRL              00007c00   00000180  00000180  00000000  RWIX
  GPIODAT               00007f00   00000030  00000030  00000000  RWIX
  RAMLS_DATA            00008000   00001000  00000048  00000fb8  RWIX
  RAMD1                 0000b800   00000800  00000000  00000800  RWIX
  RAMGS_DATA            0000c000   0000b000  00000000  0000b000  RWIX
  CPU2TOCPU1RAM         0003f800   00000400  00000000  00000400  RWIX
  CPU1TOCPU2RAM         0003fc00   00000400  00000000  00000400  RWIX
  EMIF1                 00047000   00000800  00000070  00000790  RWIX
  EMIF2                 00047800   00000800  00000070  00000790  RWIX
  IPC                   00050000   00000024  00000024  00000000  RWIX
  FLASHPUMPSEMAPHORE    00050024   00000002  00000002  00000000  RWIX
  DEV_CFG               0005d000   00000180  0000012e  00000052  RWIX
  ANALOG_SUBSYS         0005d180   00000080  00000048  00000038  RWIX
  CLK_CFG               0005d200   00000100  00000032  000000ce  RWIX
  CPU_SYS               0005d300   00000100  00000082  0000007e  RWIX
  ROMPREFETCH           0005e608   00000002  00000002  00000000  RWIX
  DCSM_Z1               0005f000   00000030  00000024  0000000c  RWIX
  DCSM_Z2               0005f040   00000030  00000024  0000000c  RWIX
  DCSM_COMMON           0005f070   00000010  00000008  00000008  RWIX
  MEMCFG                0005f400   00000080  00000080  00000000  RWIX
  EMIF1CONFIG           0005f480   00000020  00000020  00000000  RWIX
  EMIF2CONFIG           0005f4a0   00000020  00000020  00000000  RWIX
  ACCESSPROTECTION      0005f4c0   00000040  00000040  00000000  RWIX
  MEMORYERROR           0005f500   00000040  00000040  00000000  RWIX
  ROMWAITSTATE          0005f540   00000002  00000002  00000000  RWIX
  FLASH0_CTRL           0005f800   00000300  00000182  0000017e  RWIX
  FLASH0_ECC            0005fb00   00000040  00000028  00000018  RWIX
  DCSM_Z1_OTP           00078000   00000020  00000020  00000000  RWIX
  DCSM_Z2_OTP           00078200   00000020  00000020  00000000  RWIX


SECTION ALLOCATION MAP

 output                                  attributes/
section   page    origin      length       input sections
--------  ----  ----------  ----------   ----------------
codestart 
*          0    00080000    00000002     
                  00080000    00000002     F2837xD_CodeStartBranch.obj (codestart)

.text      0    00080004    00001c96     
                  00080004    00000585     F2837xD_DefaultISR.obj (.text:retain)
                  00080589    00000538     can.obj (.text)
                  00080ac1    00000319     F2837xD_Ipc_Driver_Lite.obj (.text)
                  00080dda    000002cd     F2837xD_SysCtrl.obj (.text)
                  000810a7    00000244     F2837xD_Gpio.obj (.text)
                  000812eb    000001ce     interrupt.obj (.text)
                  000814b9    00000135     c2837xDBoard_Realtime_Support.obj (.text)
                  000815ee    000000dd     F2837xD_Adc.obj (.text)
                  000816cb    000000cf     ADC_LED_CAN.obj (.text)
                  0008179a    000000c5     c2837xDBoard_Realtime_Support.obj (.text:retain)
                  0008185f    00000094     MW_c28xx_board.obj (.text)
                  000818f3    00000080     MW_c28xx_can.obj (.text)
                  00081973    0000007c     F2837xD_CpuTimers.obj (.text)
                  000819ef    00000059     c2837xDSchedulerTimer0.obj (.text)
                  00081a48    00000056     rts2800_fpu32.lib : boot.obj (.text)
                  00081a9e    0000004f     ert_main.obj (.text)
                  00081aed    00000046     rts2800_fpu32.lib : cpy_tbl.obj (.text)
                  00081b33    00000044     c2837xDSchedulerTimer0.obj (.text:retain)
                  00081b77    00000038     MW_c28xx_adc.obj (.text)
                  00081baf    00000029     rts2800_fpu32.lib : exit.obj (.text)
                  00081bd8    00000028     F2837xD_PieCtrl.obj (.text)
                  00081c00    00000026     F2837xD_PieVect.obj (.text)
                  00081c26    0000001e     rts2800_fpu32.lib : memcpy.obj (.text)
                  00081c44    0000001a                       : cpy_utils.obj (.text)
                  00081c5e    00000019                       : args_main.obj (.text)
                  00081c77    0000000f     interrupt.obj (.text:retain)
                  00081c86    00000009     rts2800_fpu32.lib : _lock.obj (.text)
                  00081c8f    00000008     F2837xD_CodeStartBranch.obj (.text)
                  00081c97    00000002     rts2800_fpu32.lib : pre_init.obj (.text)
                  00081c99    00000001                       : startup.obj (.text)

ramfuncs   0    00081c9c    0000003b     RUN ADDR = 00009000
                  00081c9c    00000037     F2837xD_SysCtrl.obj (ramfuncs)
                  00081cd3    00000004     F2837xD_usDelay.obj (ramfuncs)

.econst    0    00081cd8    000001cc     
                  00081cd8    000001c0     F2837xD_PieVect.obj (.econst:_PieVectTableInit)
                  00081e98    00000009     can.obj (.econst:_g_ui16CANBitValues)
                  00081ea1    00000001     --HOLE-- [fill = 0]
                  00081ea2    00000002     ADC_LED_CAN.obj (.econst)

.switch    0    00081ea4    00000040     
                  00081ea4    00000024     c2837xDBoard_Realtime_Support.obj (.switch:_CPU02toCPU01IPC0IntHandler)
                  00081ec8    0000001c     c2837xDBoard_Realtime_Support.obj (.switch:_setInXBARForCPU2)

.cinit     0    00081ee4    00000035     
                  00081ee4    0000000e     rts2800_fpu32.lib : exit.obj (.cinit)
                  00081ef2    0000000a     c2837xDBoard_Realtime_Support.obj (.cinit)
                  00081efc    00000009     ADC_LED_CAN_data.obj (.cinit)
                  00081f05    00000008     ert_main.obj (.cinit)
                  00081f0d    00000005     rts2800_fpu32.lib : _lock.obj (.cinit:__lock)
                  00081f12    00000005                       : _lock.obj (.cinit:__unlock)
                  00081f17    00000002     --HOLE-- [fill = 0]

.pinit     0    00080004    00000000     UNINITIALIZED

.stack     1    00000400    00000200     UNINITIALIZED
                  00000400    00000200     --HOLE--

.reset     0    003fffc0    00000002     DSECT
                  003fffc0    00000002     rts2800_fpu32.lib : boot.obj (.reset)

GETBUFFER 
*          0    0003f800    00000000     DSECT

GETWRITEIDX 
*          0    0003f800    00000000     DSECT

PUTREADIDX 
*          0    0003f800    00000000     DSECT

PieVectTableFile 
*          0    00000d00    000001c0     DSECT
                  00000d00    000001c0     F2837xD_GlobalVariableDefs.obj (PieVectTableFile)

EmuKeyVar 
*          0    00000d00    00000001     DSECT
                  00000d00    00000001     F2837xD_GlobalVariableDefs.obj (EmuKeyVar)

EmuBModeVar 
*          0    00000d01    00000001     DSECT
                  00000d01    00000001     F2837xD_GlobalVariableDefs.obj (EmuBModeVar)

FlashCallbackVar 
*          0    00000d02    00000000     DSECT

FlashScalingVar 
*          0    00000d02    00000000     DSECT

AdcaResultFile 
*          1    00000b00    00000018     UNINITIALIZED
                  00000b00    00000018     F2837xD_GlobalVariableDefs.obj (AdcaResultFile)

AdcbResultFile 
*          1    00000b20    00000018     UNINITIALIZED
                  00000b20    00000018     F2837xD_GlobalVariableDefs.obj (AdcbResultFile)

AdccResultFile 
*          1    00000b40    00000018     UNINITIALIZED
                  00000b40    00000018     F2837xD_GlobalVariableDefs.obj (AdccResultFile)

AdcdResultFile 
*          1    00000b60    00000018     UNINITIALIZED
                  00000b60    00000018     F2837xD_GlobalVariableDefs.obj (AdcdResultFile)

CpuTimer0RegsFile 
*          1    00000c00    00000008     UNINITIALIZED
                  00000c00    00000008     F2837xD_GlobalVariableDefs.obj (CpuTimer0RegsFile)

CpuTimer1RegsFile 
*          1    00000c08    00000008     UNINITIALIZED
                  00000c08    00000008     F2837xD_GlobalVariableDefs.obj (CpuTimer1RegsFile)

CpuTimer2RegsFile 
*          1    00000c10    00000008     UNINITIALIZED
                  00000c10    00000008     F2837xD_GlobalVariableDefs.obj (CpuTimer2RegsFile)

PieCtrlRegsFile 
*          1    00000ce0    0000001a     UNINITIALIZED
                  00000ce0    0000001a     F2837xD_GlobalVariableDefs.obj (PieCtrlRegsFile)

DmaRegsFile 
*          1    00001000    000000e0     UNINITIALIZED
                  00001000    000000e0     F2837xD_GlobalVariableDefs.obj (DmaRegsFile)

Cla1RegsFile 
*          1    00001400    0000003e     UNINITIALIZED
                  00001400    0000003e     F2837xD_GlobalVariableDefs.obj (Cla1RegsFile)

EPwm1RegsFile 
*          1    00004000    00000100     UNINITIALIZED
                  00004000    00000100     F2837xD_GlobalVariableDefs.obj (EPwm1RegsFile)

EPwm2RegsFile 
*          1    00004100    00000100     UNINITIALIZED
                  00004100    00000100     F2837xD_GlobalVariableDefs.obj (EPwm2RegsFile)

EPwm3RegsFile 
*          1    00004200    00000100     UNINITIALIZED
                  00004200    00000100     F2837xD_GlobalVariableDefs.obj (EPwm3RegsFile)

EPwm4RegsFile 
*          1    00004300    00000100     UNINITIALIZED
                  00004300    00000100     F2837xD_GlobalVariableDefs.obj (EPwm4RegsFile)

EPwm5RegsFile 
*          1    00004400    00000100     UNINITIALIZED
                  00004400    00000100     F2837xD_GlobalVariableDefs.obj (EPwm5RegsFile)

EPwm6RegsFile 
*          1    00004500    00000100     UNINITIALIZED
                  00004500    00000100     F2837xD_GlobalVariableDefs.obj (EPwm6RegsFile)

EPwm7RegsFile 
*          1    00004600    00000100     UNINITIALIZED
                  00004600    00000100     F2837xD_GlobalVariableDefs.obj (EPwm7RegsFile)

EPwm8RegsFile 
*          1    00004700    00000100     UNINITIALIZED
                  00004700    00000100     F2837xD_GlobalVariableDefs.obj (EPwm8RegsFile)

EPwm9RegsFile 
*          1    00004800    00000100     UNINITIALIZED
                  00004800    00000100     F2837xD_GlobalVariableDefs.obj (EPwm9RegsFile)

EPwm10RegsFile 
*          1    00004900    00000100     UNINITIALIZED
                  00004900    00000100     F2837xD_GlobalVariableDefs.obj (EPwm10RegsFile)

EPwm11RegsFile 
*          1    00004a00    00000100     UNINITIALIZED
                  00004a00    00000100     F2837xD_GlobalVariableDefs.obj (EPwm11RegsFile)

EPwm12RegsFile 
*          1    00004b00    00000100     UNINITIALIZED
                  00004b00    00000100     F2837xD_GlobalVariableDefs.obj (EPwm12RegsFile)

ECap1RegsFile 
*          1    00005000    00000020     UNINITIALIZED
                  00005000    00000020     F2837xD_GlobalVariableDefs.obj (ECap1RegsFile)

ECap2RegsFile 
*          1    00005020    00000020     UNINITIALIZED
                  00005020    00000020     F2837xD_GlobalVariableDefs.obj (ECap2RegsFile)

ECap3RegsFile 
*          1    00005040    00000020     UNINITIALIZED
                  00005040    00000020     F2837xD_GlobalVariableDefs.obj (ECap3RegsFile)

ECap4RegsFile 
*          1    00005060    00000020     UNINITIALIZED
                  00005060    00000020     F2837xD_GlobalVariableDefs.obj (ECap4RegsFile)

ECap5RegsFile 
*          1    00005080    00000020     UNINITIALIZED
                  00005080    00000020     F2837xD_GlobalVariableDefs.obj (ECap5RegsFile)

ECap6RegsFile 
*          1    000050a0    00000020     UNINITIALIZED
                  000050a0    00000020     F2837xD_GlobalVariableDefs.obj (ECap6RegsFile)

EQep1RegsFile 
*          1    00005100    00000022     UNINITIALIZED
                  00005100    00000022     F2837xD_GlobalVariableDefs.obj (EQep1RegsFile)

EQep2RegsFile 
*          1    00005140    00000022     UNINITIALIZED
                  00005140    00000022     F2837xD_GlobalVariableDefs.obj (EQep2RegsFile)

EQep3RegsFile 
*          1    00005180    00000022     UNINITIALIZED
                  00005180    00000022     F2837xD_GlobalVariableDefs.obj (EQep3RegsFile)

DacaRegsFile 
*          1    00005c00    00000008     UNINITIALIZED
                  00005c00    00000008     F2837xD_GlobalVariableDefs.obj (DacaRegsFile)

DacbRegsFile 
*          1    00005c10    00000008     UNINITIALIZED
                  00005c10    00000008     F2837xD_GlobalVariableDefs.obj (DacbRegsFile)

DaccRegsFile 
*          1    00005c20    00000008     UNINITIALIZED
                  00005c20    00000008     F2837xD_GlobalVariableDefs.obj (DaccRegsFile)

Cmpss1RegsFile 
*          1    00005c80    00000020     UNINITIALIZED
                  00005c80    00000020     F2837xD_GlobalVariableDefs.obj (Cmpss1RegsFile)

Cmpss2RegsFile 
*          1    00005ca0    00000020     UNINITIALIZED
                  00005ca0    00000020     F2837xD_GlobalVariableDefs.obj (Cmpss2RegsFile)

Cmpss3RegsFile 
*          1    00005cc0    00000020     UNINITIALIZED
                  00005cc0    00000020     F2837xD_GlobalVariableDefs.obj (Cmpss3RegsFile)

Cmpss4RegsFile 
*          1    00005ce0    00000020     UNINITIALIZED
                  00005ce0    00000020     F2837xD_GlobalVariableDefs.obj (Cmpss4RegsFile)

Cmpss5RegsFile 
*          1    00005d00    00000020     UNINITIALIZED
                  00005d00    00000020     F2837xD_GlobalVariableDefs.obj (Cmpss5RegsFile)

Cmpss6RegsFile 
*          1    00005d20    00000020     UNINITIALIZED
                  00005d20    00000020     F2837xD_GlobalVariableDefs.obj (Cmpss6RegsFile)

Cmpss7RegsFile 
*          1    00005d40    00000020     UNINITIALIZED
                  00005d40    00000020     F2837xD_GlobalVariableDefs.obj (Cmpss7RegsFile)

Cmpss8RegsFile 
*          1    00005d60    00000020     UNINITIALIZED
                  00005d60    00000020     F2837xD_GlobalVariableDefs.obj (Cmpss8RegsFile)

AdcaRegsFile 
*          1    00007400    00000080     UNINITIALIZED
                  00007400    00000080     F2837xD_GlobalVariableDefs.obj (AdcaRegsFile)

AdcbRegsFile 
*          1    00007480    00000080     UNINITIALIZED
                  00007480    00000080     F2837xD_GlobalVariableDefs.obj (AdcbRegsFile)

AdccRegsFile 
*          1    00007500    00000080     UNINITIALIZED
                  00007500    00000080     F2837xD_GlobalVariableDefs.obj (AdccRegsFile)

AdcdRegsFile 
*          1    00007580    00000080     UNINITIALIZED
                  00007580    00000080     F2837xD_GlobalVariableDefs.obj (AdcdRegsFile)

AnalogSubsysRegsFile 
*          1    0005d180    00000048     UNINITIALIZED
                  0005d180    00000048     F2837xD_GlobalVariableDefs.obj (AnalogSubsysRegsFile)

Cla1SoftIntRegsFile 
*          1    00000ce0    00000004     DSECT
                  00000ce0    00000004     F2837xD_GlobalVariableDefs.obj (Cla1SoftIntRegsFile)

Sdfm1RegsFile 
*          1    00005e00    00000080     UNINITIALIZED
                  00005e00    00000080     F2837xD_GlobalVariableDefs.obj (Sdfm1RegsFile)

Sdfm2RegsFile 
*          1    00005e80    00000080     UNINITIALIZED
                  00005e80    00000080     F2837xD_GlobalVariableDefs.obj (Sdfm2RegsFile)

McbspaRegsFile 
*          1    00006000    00000024     UNINITIALIZED
                  00006000    00000024     F2837xD_GlobalVariableDefs.obj (McbspaRegsFile)

McbspbRegsFile 
*          1    00006040    00000024     UNINITIALIZED
                  00006040    00000024     F2837xD_GlobalVariableDefs.obj (McbspbRegsFile)

SpiaRegsFile 
*          1    00006100    00000010     UNINITIALIZED
                  00006100    00000010     F2837xD_GlobalVariableDefs.obj (SpiaRegsFile)

SpibRegsFile 
*          1    00006110    00000010     UNINITIALIZED
                  00006110    00000010     F2837xD_GlobalVariableDefs.obj (SpibRegsFile)

SpicRegsFile 
*          1    00006120    00000010     UNINITIALIZED
                  00006120    00000010     F2837xD_GlobalVariableDefs.obj (SpicRegsFile)

UppRegsFile 
*          1    00006200    00000048     UNINITIALIZED
                  00006200    00000048     F2837xD_GlobalVariableDefs.obj (UppRegsFile)

WdRegsFile 
*          1    00007000    0000002b     UNINITIALIZED
                  00007000    0000002b     F2837xD_GlobalVariableDefs.obj (WdRegsFile)

NmiIntruptRegsFile 
*          1    00007060    00000007     UNINITIALIZED
                  00007060    00000007     F2837xD_GlobalVariableDefs.obj (NmiIntruptRegsFile)

XintRegsFile 
*          1    00007070    0000000b     UNINITIALIZED
                  00007070    0000000b     F2837xD_GlobalVariableDefs.obj (XintRegsFile)

SciaRegsFile 
*          1    00007200    00000010     UNINITIALIZED
                  00007200    00000010     F2837xD_GlobalVariableDefs.obj (SciaRegsFile)

ScibRegsFile 
*          1    00007210    00000010     UNINITIALIZED
                  00007210    00000010     F2837xD_GlobalVariableDefs.obj (ScibRegsFile)

ScicRegsFile 
*          1    00007220    00000010     UNINITIALIZED
                  00007220    00000010     F2837xD_GlobalVariableDefs.obj (ScicRegsFile)

ScidRegsFile 
*          1    00007230    00000010     UNINITIALIZED
                  00007230    00000010     F2837xD_GlobalVariableDefs.obj (ScidRegsFile)

I2caRegsFile 
*          1    00007300    00000022     UNINITIALIZED
                  00007300    00000022     F2837xD_GlobalVariableDefs.obj (I2caRegsFile)

I2cbRegsFile 
*          1    00007340    00000022     UNINITIALIZED
                  00007340    00000022     F2837xD_GlobalVariableDefs.obj (I2cbRegsFile)

InputXbarRegsFile 
*          1    00007900    00000020     UNINITIALIZED
                  00007900    00000020     F2837xD_GlobalVariableDefs.obj (InputXbarRegsFile)

XbarRegsFile 
*          1    00007920    00000020     UNINITIALIZED
                  00007920    00000020     F2837xD_GlobalVariableDefs.obj (XbarRegsFile)

SyncSocRegsFile 
*          1    00007940    00000006     UNINITIALIZED
                  00007940    00000006     F2837xD_GlobalVariableDefs.obj (SyncSocRegsFile)

DmaClaSrcSelRegsFile 
*          1    00007980    0000001a     UNINITIALIZED
                  00007980    0000001a     F2837xD_GlobalVariableDefs.obj (DmaClaSrcSelRegsFile)

EPwmXbarRegsFile 
*          1    00007a00    00000040     UNINITIALIZED
                  00007a00    00000040     F2837xD_GlobalVariableDefs.obj (EPwmXbarRegsFile)

OutputXbarRegsFile 
*          1    00007a80    00000040     UNINITIALIZED
                  00007a80    00000040     F2837xD_GlobalVariableDefs.obj (OutputXbarRegsFile)

GpioCtrlRegsFile 
*          1    00007c00    00000180     UNINITIALIZED
                  00007c00    00000180     F2837xD_GlobalVariableDefs.obj (GpioCtrlRegsFile)

GpioDataRegsFile 
*          1    00007f00    00000030     UNINITIALIZED
                  00007f00    00000030     F2837xD_GlobalVariableDefs.obj (GpioDataRegsFile)

.ebss      1    00008000    00000048     UNINITIALIZED
                  00008000    00000018     F2837xD_CpuTimers.obj (.ebss)
                  00008018    00000010     can_datatype_ground.obj (.ebss)
                  00008028    00000008     ADC_LED_CAN.obj (.ebss)
                  00008030    00000006     ADC_LED_CAN_data.obj (.ebss)
                  00008036    00000006     c2837xDBoard_Realtime_Support.obj (.ebss)
                  0000803c    00000002     rts2800_fpu32.lib : _lock.obj (.ebss:__lock)
                  0000803e    00000002                       : _lock.obj (.ebss:__unlock)
                  00008040    00000006                       : exit.obj (.ebss)
                  00008046    00000002     ert_main.obj (.ebss)

Emif1RegsFile 
*          1    00047000    00000070     UNINITIALIZED
                  00047000    00000070     F2837xD_GlobalVariableDefs.obj (Emif1RegsFile)

Emif2RegsFile 
*          1    00047800    00000070     UNINITIALIZED
                  00047800    00000070     F2837xD_GlobalVariableDefs.obj (Emif2RegsFile)

IpcRegsFile 
*          1    00050000    00000024     UNINITIALIZED
                  00050000    00000024     F2837xD_GlobalVariableDefs.obj (IpcRegsFile)

FlashPumpSemaphoreRegsFile 
*          1    00050024    00000002     UNINITIALIZED
                  00050024    00000002     F2837xD_GlobalVariableDefs.obj (FlashPumpSemaphoreRegsFile)

DevCfgRegsFile 
*          1    0005d000    0000012e     UNINITIALIZED
                  0005d000    0000012e     F2837xD_GlobalVariableDefs.obj (DevCfgRegsFile)

ClkCfgRegsFile 
*          1    0005d200    00000032     UNINITIALIZED
                  0005d200    00000032     F2837xD_GlobalVariableDefs.obj (ClkCfgRegsFile)

CpuSysRegsFile 
*          1    0005d300    00000082     UNINITIALIZED
                  0005d300    00000082     F2837xD_GlobalVariableDefs.obj (CpuSysRegsFile)

RomPrefetchRegsFile 
*          1    0005e608    00000002     UNINITIALIZED
                  0005e608    00000002     F2837xD_GlobalVariableDefs.obj (RomPrefetchRegsFile)

DcsmZ1RegsFile 
*          1    0005f000    00000024     UNINITIALIZED
                  0005f000    00000024     F2837xD_GlobalVariableDefs.obj (DcsmZ1RegsFile)

DcsmZ2RegsFile 
*          1    0005f040    00000024     UNINITIALIZED
                  0005f040    00000024     F2837xD_GlobalVariableDefs.obj (DcsmZ2RegsFile)

DcsmCommonRegsFile 
*          1    0005f070    00000008     UNINITIALIZED
                  0005f070    00000008     F2837xD_GlobalVariableDefs.obj (DcsmCommonRegsFile)

MemCfgRegsFile 
*          1    0005f400    00000080     UNINITIALIZED
                  0005f400    00000080     F2837xD_GlobalVariableDefs.obj (MemCfgRegsFile)

Emif1ConfigRegsFile 
*          1    0005f480    00000020     UNINITIALIZED
                  0005f480    00000020     F2837xD_GlobalVariableDefs.obj (Emif1ConfigRegsFile)

Emif2ConfigRegsFile 
*          1    0005f4a0    00000020     UNINITIALIZED
                  0005f4a0    00000020     F2837xD_GlobalVariableDefs.obj (Emif2ConfigRegsFile)

AccessProtectionRegsFile 
*          1    0005f4c0    00000040     UNINITIALIZED
                  0005f4c0    00000040     F2837xD_GlobalVariableDefs.obj (AccessProtectionRegsFile)

MemoryErrorRegsFile 
*          1    0005f500    00000040     UNINITIALIZED
                  0005f500    00000040     F2837xD_GlobalVariableDefs.obj (MemoryErrorRegsFile)

RomWaitStateRegsFile 
*          1    0005f540    00000002     UNINITIALIZED
                  0005f540    00000002     F2837xD_GlobalVariableDefs.obj (RomWaitStateRegsFile)

Flash0CtrlRegsFile 
*          1    0005f800    00000182     UNINITIALIZED
                  0005f800    00000182     F2837xD_GlobalVariableDefs.obj (Flash0CtrlRegsFile)

Flash0EccRegsFile 
*          1    0005fb00    00000028     UNINITIALIZED
                  0005fb00    00000028     F2837xD_GlobalVariableDefs.obj (Flash0EccRegsFile)

DcsmZ1OtpFile 
*          1    00078000    00000020     NOLOAD SECTION
                  00078000    00000020     F2837xD_GlobalVariableDefs.obj (DcsmZ1OtpFile)

DcsmZ2OtpFile 
*          1    00078200    00000020     NOLOAD SECTION
                  00078200    00000020     F2837xD_GlobalVariableDefs.obj (DcsmZ2OtpFile)

MODULE SUMMARY

       Module                              code   ro data   rw data
       ------                              ----   -------   -------
    <current directory>
       F2837xD_GlobalVariableDefs.obj      0      0         7597   
       F2837xD_DefaultISR.obj              1413   0         0      
       can.obj                             1336   0         9      
       F2837xD_SysCtrl.obj                 827    0         0      
       F2837xD_Ipc_Driver_Lite.obj         793    0         0      
       c2837xDBoard_Realtime_Support.obj   506    0         80     
       F2837xD_Gpio.obj                    580    0         0      
       F2837xD_PieVect.obj                 38     0         448    
       interrupt.obj                       477    0         0      
       F2837xD_Adc.obj                     221    0         0      
       ADC_LED_CAN.obj                     207    0         10     
       c2837xDSchedulerTimer0.obj          157    0         0      
       F2837xD_CpuTimers.obj               124    0         24     
       MW_c28xx_board.obj                  148    0         0      
       MW_c28xx_can.obj                    128    0         0      
       ert_main.obj                        79     0         10     
       MW_c28xx_adc.obj                    56     0         0      
       F2837xD_PieCtrl.obj                 40     0         0      
       can_datatype_ground.obj             0      0         16     
       ADC_LED_CAN_data.obj                0      0         15     
       F2837xD_CodeStartBranch.obj         10     0         0      
       F2837xD_usDelay.obj                 8      0         0      
    +--+-----------------------------------+------+---------+---------+
       Total:                              7148   0         8209   
                                                                   
    C:/tinew/ccsv6/tools/compiler/C2000_~1.LTS/lib/rts2800_fpu32.lib
       boot.obj                            86     0         0      
       cpy_tbl.obj                         70     0         0      
       exit.obj                            41     0         20     
       memcpy.obj                          30     0         0      
       cpy_utils.obj                       26     0         0      
       args_main.obj                       25     0         0      
       _lock.obj                           9      0         14     
       pre_init.obj                        2      0         0      
       startup.obj                         1      0         0      
    +--+-----------------------------------+------+---------+---------+
       Total:                              290    0         34     
                                                                   
       Stack:                              0      0         512    
    +--+-----------------------------------+------+---------+---------+
       Grand Total:                        7438   0         8755   


GLOBAL DATA SYMBOLS: SORTED BY DATA PAGE

address     data page           name
--------    ----------------    ----
00000400      10 (00000400)     __stack

00000b00      2c (00000b00)     _AdcaResultRegs
00000b20      2c (00000b00)     _AdcbResultRegs

00000b40      2d (00000b40)     _AdccResultRegs
00000b60      2d (00000b40)     _AdcdResultRegs

00000c00      30 (00000c00)     _CpuTimer0Regs
00000c08      30 (00000c00)     _CpuTimer1Regs
00000c10      30 (00000c00)     _CpuTimer2Regs

00000ce0      33 (00000cc0)     _Cla1SoftIntRegs
00000ce0      33 (00000cc0)     _PieCtrlRegs

00000d00      34 (00000d00)     _EmuKey
00000d00      34 (00000d00)     _PieVectTable
00000d01      34 (00000d00)     _EmuBMode

00001000      40 (00001000)     _DmaRegs

00001400      50 (00001400)     _Cla1Regs

00004000     100 (00004000)     _EPwm1Regs

00004100     104 (00004100)     _EPwm2Regs

00004200     108 (00004200)     _EPwm3Regs

00004300     10c (00004300)     _EPwm4Regs

00004400     110 (00004400)     _EPwm5Regs

00004500     114 (00004500)     _EPwm6Regs

00004600     118 (00004600)     _EPwm7Regs

00004700     11c (00004700)     _EPwm8Regs

00004800     120 (00004800)     _EPwm9Regs

00004900     124 (00004900)     _EPwm10Regs

00004a00     128 (00004a00)     _EPwm11Regs

00004b00     12c (00004b00)     _EPwm12Regs

00005000     140 (00005000)     _ECap1Regs
00005020     140 (00005000)     _ECap2Regs

00005040     141 (00005040)     _ECap3Regs
00005060     141 (00005040)     _ECap4Regs

00005080     142 (00005080)     _ECap5Regs
000050a0     142 (00005080)     _ECap6Regs

00005100     144 (00005100)     _EQep1Regs

00005140     145 (00005140)     _EQep2Regs

00005180     146 (00005180)     _EQep3Regs

00005c00     170 (00005c00)     _DacaRegs
00005c10     170 (00005c00)     _DacbRegs
00005c20     170 (00005c00)     _DaccRegs

00005c80     172 (00005c80)     _Cmpss1Regs
00005ca0     172 (00005c80)     _Cmpss2Regs

00005cc0     173 (00005cc0)     _Cmpss3Regs
00005ce0     173 (00005cc0)     _Cmpss4Regs

00005d00     174 (00005d00)     _Cmpss5Regs
00005d20     174 (00005d00)     _Cmpss6Regs

00005d40     175 (00005d40)     _Cmpss7Regs
00005d60     175 (00005d40)     _Cmpss8Regs

00005e00     178 (00005e00)     _Sdfm1Regs

00005e80     17a (00005e80)     _Sdfm2Regs

00006000     180 (00006000)     _McbspaRegs

00006040     181 (00006040)     _McbspbRegs

00006100     184 (00006100)     _SpiaRegs
00006110     184 (00006100)     _SpibRegs
00006120     184 (00006100)     _SpicRegs

00006200     188 (00006200)     _UppRegs

00007000     1c0 (00007000)     _WdRegs

00007060     1c1 (00007040)     _NmiIntruptRegs
00007070     1c1 (00007040)     _XintRegs

00007200     1c8 (00007200)     _SciaRegs
00007210     1c8 (00007200)     _ScibRegs
00007220     1c8 (00007200)     _ScicRegs
00007230     1c8 (00007200)     _ScidRegs

00007300     1cc (00007300)     _I2caRegs

00007340     1cd (00007340)     _I2cbRegs

00007400     1d0 (00007400)     _AdcaRegs

00007480     1d2 (00007480)     _AdcbRegs

00007500     1d4 (00007500)     _AdccRegs

00007580     1d6 (00007580)     _AdcdRegs

00007900     1e4 (00007900)     _InputXbarRegs
00007920     1e4 (00007900)     _XbarRegs

00007940     1e5 (00007940)     _SyncSocRegs

00007980     1e6 (00007980)     _DmaClaSrcSelRegs

00007a00     1e8 (00007a00)     _EPwmXbarRegs

00007a80     1ea (00007a80)     _OutputXbarRegs

00007c00     1f0 (00007c00)     _GpioCtrlRegs

00007f00     1fc (00007f00)     _GpioDataRegs

00008000     200 (00008000)     _CpuTimer1
00008008     200 (00008000)     _CpuTimer2
00008010     200 (00008000)     _CpuTimer0
00008018     200 (00008000)     _CAN_DATATYPE_GROUND
00008028     200 (00008000)     _ADC_LED_CAN_M_
0000802a     200 (00008000)     _ADC_LED_CAN_B
00008030     200 (00008000)     _ADC_LED_CAN_P
00008036     200 (00008000)     _ErrorFlag
00008038     200 (00008000)     _mwInitEnd
0000803a     200 (00008000)     _mwInitStart
0000803c     200 (00008000)     __lock
0000803e     200 (00008000)     __unlock

00008040     201 (00008040)     ___TI_enable_exit_profile_output
00008042     201 (00008040)     ___TI_cleanup_ptr
00008044     201 (00008040)     ___TI_dtors_ptr
00008046     201 (00008040)     _IsrOverrun

00047000    11c0 (00047000)     _Emif1Regs

00047800    11e0 (00047800)     _Emif2Regs

00050000    1400 (00050000)     _IpcRegs
00050024    1400 (00050000)     _FlashPumpSemaphoreRegs

0005d000    1740 (0005d000)     _DevCfgRegs

0005d180    1746 (0005d180)     _AnalogSubsysRegs

0005d200    1748 (0005d200)     _ClkCfgRegs

0005d300    174c (0005d300)     _CpuSysRegs

0005e608    1798 (0005e600)     _RomPrefetchRegs

0005f000    17c0 (0005f000)     _DcsmZ1Regs

0005f040    17c1 (0005f040)     _DcsmZ2Regs
0005f070    17c1 (0005f040)     _DcsmCommonRegs

0005f400    17d0 (0005f400)     _MemCfgRegs

0005f480    17d2 (0005f480)     _Emif1ConfigRegs
0005f4a0    17d2 (0005f480)     _Emif2ConfigRegs

0005f4c0    17d3 (0005f4c0)     _AccessProtectionRegs

0005f500    17d4 (0005f500)     _MemoryErrorRegs

0005f540    17d5 (0005f540)     _RomWaitStateRegs

0005f800    17e0 (0005f800)     _Flash0CtrlRegs

0005fb00    17ec (0005fb00)     _Flash0EccRegs

00078000    1e00 (00078000)     _DcsmZ1Otp

00078200    1e08 (00078200)     _DcsmZ2Otp

00081cd8    2073 (00081cc0)     _PieVectTableInit

00081ea2    207a (00081e80)     _ADC_LED_CAN_M


GLOBAL SYMBOLS: SORTED ALPHABETICALLY BY Name 

page  address   name                                  
----  -------   ----                                  
0     00080004  .text                                 
0     00081baf  C$$EXIT                               
0     000800c2  _ADCA1_ISR                            
0     00080342  _ADCA2_ISR                            
0     0008034c  _ADCA3_ISR                            
0     00080356  _ADCA4_ISR                            
0     00080338  _ADCA_EVT_ISR                         
0     000800cc  _ADCB1_ISR                            
0     0008036a  _ADCB2_ISR                            
0     00080374  _ADCB3_ISR                            
0     0008037e  _ADCB4_ISR                            
0     00080360  _ADCB_EVT_ISR                         
0     000800d6  _ADCC1_ISR                            
0     000804d2  _ADCC2_ISR                            
0     000804dc  _ADCC3_ISR                            
0     000804e6  _ADCC4_ISR                            
0     000804c8  _ADCC_EVT_ISR                         
0     000800f4  _ADCD1_ISR                            
0     000804fa  _ADCD2_ISR                            
0     00080504  _ADCD3_ISR                            
0     0008050e  _ADCD4_ISR                            
0     000804f0  _ADCD_EVT_ISR                         
1     0000802a  _ADC_LED_CAN_B                        
0     00081ea2  _ADC_LED_CAN_M                        
1     00008028  _ADC_LED_CAN_M_                       
1     00008030  _ADC_LED_CAN_P                        
0     00081776  _ADC_LED_CAN_initialize               
0     000816cb  _ADC_LED_CAN_step                     
0     00081799  _ADC_LED_CAN_terminate                
0     0008054a  _AUX_PLL_SLIP_ISR                     
1     0005f4c0  _AccessProtectionRegs                 
0     000815ee  _AdcSetMode                           
1     00007400  _AdcaRegs                             
1     00000b00  _AdcaResultRegs                       
1     00007480  _AdcbRegs                             
1     00000b20  _AdcbResultRegs                       
1     00007500  _AdccRegs                             
1     00000b40  _AdccResultRegs                       
1     00007580  _AdcdRegs                             
1     00000b60  _AdcdResultRegs                       
1     0005d180  _AnalogSubsysRegs                     
0     00081053  _AuxAuxClkSel                         
0     0008103d  _AuxIntOsc2Sel                        
0     00081047  _AuxXtalOscSel                        
0     00080310  _CANA0_ISR                            
0     0008031a  _CANA1_ISR                            
0     00080324  _CANB0_ISR                            
0     0008032e  _CANB1_ISR                            
0     00080710  _CANBitRateSet                        
0     000806df  _CANBitTimingGet                      
0     00080788  _CANBitTimingSet                      
0     000806b8  _CANClkSourceSelect                   
0     000806b0  _CANDisable                           
0     000806a7  _CANEnable                            
0     00080894  _CANErrCntrGet                        
0     00080aab  _CANGlobalIntClear                    
0     00080aa1  _CANGlobalIntDisable                  
0     00080a98  _CANGlobalIntEnable                   
0     00080ab4  _CANGlobalIntstatusGet                
0     000805fa  _CANInit                              
0     00080828  _CANIntClear                          
0     000807fe  _CANIntDisable                        
0     000807f0  _CANIntEnable                         
0     000807d3  _CANIntRegister                       
0     0008080e  _CANIntStatus                         
0     000807e3  _CANIntUnregister                     
0     00080a72  _CANMessageClear                      
0     0008099f  _CANMessageGet                        
0     000808af  _CANMessageSet                        
0     00080862  _CANRetryGet                          
0     00080851  _CANRetrySet                          
0     0008086c  _CANStatusGet                         
1     00008018  _CAN_DATATYPE_GROUND                  
0     00080388  _CLA1_1_ISR                           
0     00080392  _CLA1_2_ISR                           
0     0008039c  _CLA1_3_ISR                           
0     000803a6  _CLA1_4_ISR                           
0     000803b0  _CLA1_5_ISR                           
0     000803ba  _CLA1_6_ISR                           
0     000803c4  _CLA1_7_ISR                           
0     000803ce  _CLA1_8_ISR                           
0     00080554  _CLA_OVERFLOW_ISR                     
0     0008055e  _CLA_UNDERFLOW_ISR                    
0     0008179a  _CPU02toCPU01IPC0IntHandler           
0     00081691  _CalAdcINL                            
1     00001400  _Cla1Regs                             
0     00000ce0  _Cla1SoftIntRegs                      
1     0005d200  _ClkCfgRegs                           
1     00005c80  _Cmpss1Regs                           
1     00005ca0  _Cmpss2Regs                           
1     00005cc0  _Cmpss3Regs                           
1     00005ce0  _Cmpss4Regs                           
1     00005d00  _Cmpss5Regs                           
1     00005d20  _Cmpss6Regs                           
1     00005d40  _Cmpss7Regs                           
1     00005d60  _Cmpss8Regs                           
0     000819b4  _ConfigCpuTimer                       
1     0005d300  _CpuSysRegs                           
1     00008010  _CpuTimer0                            
1     00000c00  _CpuTimer0Regs                        
1     00008000  _CpuTimer1                            
1     00000c08  _CpuTimer1Regs                        
1     00008008  _CpuTimer2                            
1     00000c10  _CpuTimer2Regs                        
0     00080ffc  _CsmUnlock                            
0     00080018  _DATALOG_ISR                          
0     0008025c  _DMA_CH1_ISR                          
0     00080266  _DMA_CH2_ISR                          
0     00080270  _DMA_CH3_ISR                          
0     0008027a  _DMA_CH4_ISR                          
0     00080284  _DMA_CH5_ISR                          
0     0008028e  _DMA_CH6_ISR                          
1     00005c00  _DacaRegs                             
1     00005c10  _DacbRegs                             
1     00005c20  _DaccRegs                             
1     0005f070  _DcsmCommonRegs                       
1     00078000  _DcsmZ1Otp                            
1     0005f000  _DcsmZ1Regs                           
1     00078200  _DcsmZ2Otp                            
1     0005f040  _DcsmZ2Regs                           
0     00080dd3  _DelayLoop                            
1     0005d000  _DevCfgRegs                           
0     00080ece  _DisableDog                           
0     00080e8f  _DisablePeripheralClocks              
1     00007980  _DmaClaSrcSelRegs                     
1     00001000  _DmaRegs                              
0     000801b2  _ECAP1_ISR                            
0     000801bc  _ECAP2_ISR                            
0     000801c6  _ECAP3_ISR                            
0     000801d0  _ECAP4_ISR                            
0     000801da  _ECAP5_ISR                            
0     000801e4  _ECAP6_ISR                            
1     00005000  _ECap1Regs                            
1     00005020  _ECap2Regs                            
1     00005040  _ECap3Regs                            
1     00005060  _ECap4Regs                            
1     00005080  _ECap5Regs                            
1     000050a0  _ECap6Regs                            
0     00080518  _EMIF_ERROR_ISR                       
0     00080572  _EMPTY_ISR                            
0     0008002c  _EMU_ISR                              
0     0008046e  _EPWM10_ISR                           
0     00080446  _EPWM10_TZ_ISR                        
0     00080478  _EPWM11_ISR                           
0     00080450  _EPWM11_TZ_ISR                        
0     00080482  _EPWM12_ISR                           
0     0008045a  _EPWM12_TZ_ISR                        
0     00080162  _EPWM1_ISR                            
0     00080112  _EPWM1_TZ_ISR                         
0     0008016c  _EPWM2_ISR                            
0     0008011c  _EPWM2_TZ_ISR                         
0     00080176  _EPWM3_ISR                            
0     00080126  _EPWM3_TZ_ISR                         
0     00080180  _EPWM4_ISR                            
0     00080130  _EPWM4_TZ_ISR                         
0     0008018a  _EPWM5_ISR                            
0     0008013a  _EPWM5_TZ_ISR                         
0     00080194  _EPWM6_ISR                            
0     00080144  _EPWM6_TZ_ISR                         
0     0008019e  _EPWM7_ISR                            
0     0008014e  _EPWM7_TZ_ISR                         
0     000801a8  _EPWM8_ISR                            
0     00080158  _EPWM8_TZ_ISR                         
0     00080464  _EPWM9_ISR                            
0     0008043c  _EPWM9_TZ_ISR                         
1     00004900  _EPwm10Regs                           
1     00004a00  _EPwm11Regs                           
1     00004b00  _EPwm12Regs                           
1     00004000  _EPwm1Regs                            
1     00004100  _EPwm2Regs                            
1     00004200  _EPwm3Regs                            
1     00004300  _EPwm4Regs                            
1     00004400  _EPwm5Regs                            
1     00004500  _EPwm6Regs                            
1     00004600  _EPwm7Regs                            
1     00004700  _EPwm8Regs                            
1     00004800  _EPwm9Regs                            
1     00007a00  _EPwmXbarRegs                         
0     000801ee  _EQEP1_ISR                            
0     000801f8  _EQEP2_ISR                            
0     00080202  _EQEP3_ISR                            
1     00005100  _EQep1Regs                            
1     00005140  _EQep2Regs                            
1     00005180  _EQep3Regs                            
1     0005f480  _Emif1ConfigRegs                      
1     00047000  _Emif1Regs                            
1     0005f4a0  _Emif2ConfigRegs                      
1     00047800  _Emif2Regs                            
0     00000d01  _EmuBMode                             
0     00000d00  _EmuKey                               
0     00081bf7  _EnableInterrupts                     
1     00008036  _ErrorFlag                            
0     00009037  _F28x_usDelay                         
0     0008052c  _FLASH_CORRECTABLE_ERROR_ISR          
0     00080400  _FPU_OVERFLOW_ISR                     
0     0008040a  _FPU_UNDERFLOW_ISR                    
1     0005f800  _Flash0CtrlRegs                       
1     0005fb00  _Flash0EccRegs                        
0     00009029  _FlashOff                             
1     00050024  _FlashPumpSemaphoreRegs               
0     000812a0  _GPIO_EnableUnbondedIOPullups         
0     0008127b  _GPIO_EnableUnbondedIOPullupsFor100Pin
0     00081262  _GPIO_EnableUnbondedIOPullupsFor176Pin
0     000812b6  _GPIO_ReadPin                         
0     00081207  _GPIO_SetupLock                       
0     000810e7  _GPIO_SetupPinMux                     
0     00081173  _GPIO_SetupPinOptions                 
0     00081230  _GPIO_SetupXINT1Gpio                  
0     0008123a  _GPIO_SetupXINT2Gpio                  
0     00081244  _GPIO_SetupXINT3Gpio                  
0     0008124e  _GPIO_SetupXINT4Gpio                  
0     00081258  _GPIO_SetupXINT5Gpio                  
0     000812cd  _GPIO_WritePin                        
1     00007c00  _GpioCtrlRegs                         
1     00007f00  _GpioDataRegs                         
0     00081071  _HALT                                 
0     0008108a  _HIB                                  
0     000802a2  _I2CA_FIFO_ISR                        
0     00080298  _I2CA_ISR                             
0     000802b6  _I2CB_FIFO_ISR                        
0     000802ac  _I2CB_ISR                             
1     00007300  _I2caRegs                             
1     00007340  _I2cbRegs                             
0     0008105d  _IDLE                                 
0     00080040  _ILLEGAL_ISR                          
0     00080414  _IPC0_ISR                             
0     0008041e  _IPC1_ISR                             
0     00080428  _IPC2_ISR                             
0     00080432  _IPC3_ISR                             
0     00080b5d  _IPCLiteLtoRClearBits                 
0     00080b8a  _IPCLiteLtoRClearBits_Protected       
0     00080add  _IPCLiteLtoRDataRead                  
0     00080bb7  _IPCLiteLtoRDataWrite                 
0     00080bdf  _IPCLiteLtoRDataWrite_Protected       
0     00080c07  _IPCLiteLtoRFunctionCall              
0     00080ac1  _IPCLiteLtoRGetResult                 
0     00080b03  _IPCLiteLtoRSetBits                   
0     00080b30  _IPCLiteLtoRSetBits_Protected         
0     00080c26  _IPCLiteReqMemAccess                  
0     00080cdf  _IPCLiteRtoLClearBits                 
0     00080d14  _IPCLiteRtoLClearBits_Protected       
0     00080c4a  _IPCLiteRtoLDataRead                  
0     00080d4c  _IPCLiteRtoLDataWrite                 
0     00080d7e  _IPCLiteRtoLDataWrite_Protected       
0     00080db3  _IPCLiteRtoLFunctionCall              
0     00080c76  _IPCLiteRtoLSetBits                   
0     00080ca9  _IPCLiteRtoLSetBits_Protected         
0     00081b94  _InitAdcA                             
0     00080f65  _InitAuxPll                           
0     00081973  _InitCpuTimers                        
0     00009000  _InitFlash                            
0     000810a7  _InitGpio                             
0     00080e0b  _InitPeripheralClocks                 
0     00081bd8  _InitPieCtrl                          
0     00081c00  _InitPieVectTable                     
0     00080dda  _InitSysCtrl                          
0     00080edc  _InitSysPll                           
1     00007900  _InputXbarRegs                        
0     00081c77  _IntDefaultHandler                    
0     000813ba  _IntDisable                           
0     00081327  _IntEnable                            
0     0008143a  _IntIFRClear                          
0     000812f3  _IntMasterDisable                     
0     000812eb  _IntMasterEnable                      
0     000812fb  _IntRegister                          
0     00081310  _IntUnregister                        
1     00050000  _IpcRegs                              
1     00008046  _IsrOverrun                           
0     00080234  _MCBSPA_RX_ISR                        
0     0008023e  _MCBSPA_TX_ISR                        
0     00080248  _MCBSPB_RX_ISR                        
0     00080252  _MCBSPB_TX_ISR                        
1     00006000  _McbspaRegs                           
1     00006040  _McbspbRegs                           
1     0005f400  _MemCfgRegs                           
1     0005f500  _MemoryErrorRegs                      
0     00080036  _NMI_ISR                              
0     0008057f  _NOTUSED_ISR                          
1     00007060  _NmiIntruptRegs                       
1     00007a80  _OutputXbarRegs                       
0     00080568  _PIE_RESERVED_ISR                     
1     00000ce0  _PieCtrlRegs                          
0     00000d00  _PieVectTable                         
0     00081cd8  _PieVectTableInit                     
0     00080536  _RAM_ACCESS_VIOLATION_ISR             
0     00080522  _RAM_CORRECTABLE_ERROR_ISR            
0     00080022  _RTOS_ISR                             
0     00081cd7  _RamfuncsLoadEnd                      
abs   0000003b  _RamfuncsLoadSize                     
0     00081c9c  _RamfuncsLoadStart                    
0     0000903b  _RamfuncsRunEnd                       
abs   0000003b  _RamfuncsRunSize                      
0     00009000  _RamfuncsRunStart                     
0     00080eb6  _ReleaseFlashPump                     
1     0005e608  _RomPrefetchRegs                      
1     0005f540  _RomWaitStateRegs                     
0     000802e8  _SCIA_RX_ISR                          
0     000802f2  _SCIA_TX_ISR                          
0     000802fc  _SCIB_RX_ISR                          
0     00080306  _SCIB_TX_ISR                          
0     000802c0  _SCIC_RX_ISR                          
0     000802ca  _SCIC_TX_ISR                          
0     000802d4  _SCID_RX_ISR                          
0     000802de  _SCID_TX_ISR                          
0     0008048c  _SD1_ISR                              
0     00080496  _SD2_ISR                              
0     0008020c  _SPIA_RX_ISR                          
0     00080216  _SPIA_TX_ISR                          
0     00080220  _SPIB_RX_ISR                          
0     0008022a  _SPIB_TX_ISR                          
0     000804a0  _SPIC_RX_ISR                          
0     000804aa  _SPIC_TX_ISR                          
0     00081066  _STANDBY                              
0     00080540  _SYS_PLL_SLIP_ISR                     
1     00007200  _SciaRegs                             
1     00007210  _ScibRegs                             
1     00007220  _ScicRegs                             
1     00007230  _ScidRegs                             
1     00005e00  _Sdfm1Regs                            
1     00005e80  _Sdfm2Regs                            
0     00080ea7  _SeizeFlashPump                       
0     00080ec0  _ServiceDog                           
1     00006100  _SpiaRegs                             
1     00006110  _SpibRegs                             
1     00006120  _SpicRegs                             
1     00007940  _SyncSocRegs                          
0     0008101d  _SysIntOsc1Sel                        
0     00081027  _SysIntOsc2Sel                        
0     00081031  _SysXtalOscSel                        
0     000800fe  _TIMER0_ISR                           
0     00080004  _TIMER1_ISR                           
0     0008000e  _TIMER2_ISR                           
0     00081b33  _TINT0_isr                            
0     000804b4  _UPPA_ISR                             
0     000804be  _USBA_ISR                             
0     000800a4  _USER10_ISR                           
0     000800ae  _USER11_ISR                           
0     000800b8  _USER12_ISR                           
0     0008004a  _USER1_ISR                            
0     00080054  _USER2_ISR                            
0     0008005e  _USER3_ISR                            
0     00080068  _USER4_ISR                            
0     00080072  _USER5_ISR                            
0     0008007c  _USER6_ISR                            
0     00080086  _USER7_ISR                            
0     00080090  _USER8_ISR                            
0     0008009a  _USER9_ISR                            
1     00006200  _UppRegs                              
0     000803f6  _VCU_ISR                              
0     00080108  _WAKE_ISR                             
1     00007000  _WdRegs                               
0     000800e0  _XINT1_ISR                            
0     000800ea  _XINT2_ISR                            
0     000803d8  _XINT3_ISR                            
0     000803e2  _XINT4_ISR                            
0     000803ec  _XINT5_ISR                            
1     00007920  _XbarRegs                             
1     00007070  _XintRegs                             
1     00000600  __STACK_END                           
abs   00000200  __STACK_SIZE                          
1     00008042  ___TI_cleanup_ptr                     
1     00008044  ___TI_dtors_ptr                       
1     00008040  ___TI_enable_exit_profile_output      
abs   ffffffff  ___TI_pprof_out_hndl                  
abs   ffffffff  ___TI_prof_data_size                  
abs   ffffffff  ___TI_prof_data_start                 
abs   ffffffff  ___binit__                            
abs   ffffffff  ___c_args__                           
0     00081ee4  ___cinit__                            
0     00081c9a  ___etext__                            
abs   ffffffff  ___pinit__                            
0     00080004  ___text__                             
0     00081c5e  __args_main                           
1     0000803c  __lock                                
0     00081c8e  __nop                                 
0     00081c8a  __register_lock                       
0     00081c86  __register_unlock                     
1     00000400  __stack                               
0     00081c99  __system_post_cinit                   
0     00081c97  __system_pre_init                     
1     0000803e  __unlock                              
0     00081baf  _abort                                
0     000814c0  _c2000_flash_init                     
0     00081a48  _c_int00                              
0     00081b77  _config_ADCA_SOC0                     
0     000819ef  _configureTimer0                      
0     00081aed  _copy_in                              
0     00081c44  _ddcopy                               
0     00081a3a  _disableTimer0Interrupt               
0     00081c44  _dpcopy                               
0     00081a32  _enableTimer0Interrupt                
0     00081bb1  _exit                                 
0     000814bd  _globalInterruptDisable               
0     000814b9  _globalInterruptEnable                
0     000814cf  _initSetGPIOIPC                       
0     0008185f  _init_board                           
0     000818f3  _init_eCAN_B                          
0     00081ab2  _main                                 
0     00081c26  _memcpy                               
1     00008038  _mwInitEnd                            
1     0000803a  _mwInitStart                          
0     00081c44  _pdcopy                               
0     00081c44  _ppcopy                               
0     00081a9e  _rt_OneStep                           
0     00081523  _setGPIOForCPU2                       
0     00081542  _setInXBARForCPU2                     
0     000815ac  _setOutXBARForCPU2                    
abs   ffffffff  binit                                 
0     00081ee4  cinit                                 
0     00080000  code_start                            
0     00081c9a  etext                                 
abs   ffffffff  pinit                                 


GLOBAL SYMBOLS: SORTED BY Symbol Address 

page  address   name                                  
----  -------   ----                                  
0     00000ce0  _Cla1SoftIntRegs                      
0     00000d00  _EmuKey                               
0     00000d00  _PieVectTable                         
0     00000d01  _EmuBMode                             
0     00009000  _InitFlash                            
0     00009000  _RamfuncsRunStart                     
0     00009029  _FlashOff                             
0     00009037  _F28x_usDelay                         
0     0000903b  _RamfuncsRunEnd                       
0     00080000  code_start                            
0     00080004  .text                                 
0     00080004  _TIMER1_ISR                           
0     00080004  ___text__                             
0     0008000e  _TIMER2_ISR                           
0     00080018  _DATALOG_ISR                          
0     00080022  _RTOS_ISR                             
0     0008002c  _EMU_ISR                              
0     00080036  _NMI_ISR                              
0     00080040  _ILLEGAL_ISR                          
0     0008004a  _USER1_ISR                            
0     00080054  _USER2_ISR                            
0     0008005e  _USER3_ISR                            
0     00080068  _USER4_ISR                            
0     00080072  _USER5_ISR                            
0     0008007c  _USER6_ISR                            
0     00080086  _USER7_ISR                            
0     00080090  _USER8_ISR                            
0     0008009a  _USER9_ISR                            
0     000800a4  _USER10_ISR                           
0     000800ae  _USER11_ISR                           
0     000800b8  _USER12_ISR                           
0     000800c2  _ADCA1_ISR                            
0     000800cc  _ADCB1_ISR                            
0     000800d6  _ADCC1_ISR                            
0     000800e0  _XINT1_ISR                            
0     000800ea  _XINT2_ISR                            
0     000800f4  _ADCD1_ISR                            
0     000800fe  _TIMER0_ISR                           
0     00080108  _WAKE_ISR                             
0     00080112  _EPWM1_TZ_ISR                         
0     0008011c  _EPWM2_TZ_ISR                         
0     00080126  _EPWM3_TZ_ISR                         
0     00080130  _EPWM4_TZ_ISR                         
0     0008013a  _EPWM5_TZ_ISR                         
0     00080144  _EPWM6_TZ_ISR                         
0     0008014e  _EPWM7_TZ_ISR                         
0     00080158  _EPWM8_TZ_ISR                         
0     00080162  _EPWM1_ISR                            
0     0008016c  _EPWM2_ISR                            
0     00080176  _EPWM3_ISR                            
0     00080180  _EPWM4_ISR                            
0     0008018a  _EPWM5_ISR                            
0     00080194  _EPWM6_ISR                            
0     0008019e  _EPWM7_ISR                            
0     000801a8  _EPWM8_ISR                            
0     000801b2  _ECAP1_ISR                            
0     000801bc  _ECAP2_ISR                            
0     000801c6  _ECAP3_ISR                            
0     000801d0  _ECAP4_ISR                            
0     000801da  _ECAP5_ISR                            
0     000801e4  _ECAP6_ISR                            
0     000801ee  _EQEP1_ISR                            
0     000801f8  _EQEP2_ISR                            
0     00080202  _EQEP3_ISR                            
0     0008020c  _SPIA_RX_ISR                          
0     00080216  _SPIA_TX_ISR                          
0     00080220  _SPIB_RX_ISR                          
0     0008022a  _SPIB_TX_ISR                          
0     00080234  _MCBSPA_RX_ISR                        
0     0008023e  _MCBSPA_TX_ISR                        
0     00080248  _MCBSPB_RX_ISR                        
0     00080252  _MCBSPB_TX_ISR                        
0     0008025c  _DMA_CH1_ISR                          
0     00080266  _DMA_CH2_ISR                          
0     00080270  _DMA_CH3_ISR                          
0     0008027a  _DMA_CH4_ISR                          
0     00080284  _DMA_CH5_ISR                          
0     0008028e  _DMA_CH6_ISR                          
0     00080298  _I2CA_ISR                             
0     000802a2  _I2CA_FIFO_ISR                        
0     000802ac  _I2CB_ISR                             
0     000802b6  _I2CB_FIFO_ISR                        
0     000802c0  _SCIC_RX_ISR                          
0     000802ca  _SCIC_TX_ISR                          
0     000802d4  _SCID_RX_ISR                          
0     000802de  _SCID_TX_ISR                          
0     000802e8  _SCIA_RX_ISR                          
0     000802f2  _SCIA_TX_ISR                          
0     000802fc  _SCIB_RX_ISR                          
0     00080306  _SCIB_TX_ISR                          
0     00080310  _CANA0_ISR                            
0     0008031a  _CANA1_ISR                            
0     00080324  _CANB0_ISR                            
0     0008032e  _CANB1_ISR                            
0     00080338  _ADCA_EVT_ISR                         
0     00080342  _ADCA2_ISR                            
0     0008034c  _ADCA3_ISR                            
0     00080356  _ADCA4_ISR                            
0     00080360  _ADCB_EVT_ISR                         
0     0008036a  _ADCB2_ISR                            
0     00080374  _ADCB3_ISR                            
0     0008037e  _ADCB4_ISR                            
0     00080388  _CLA1_1_ISR                           
0     00080392  _CLA1_2_ISR                           
0     0008039c  _CLA1_3_ISR                           
0     000803a6  _CLA1_4_ISR                           
0     000803b0  _CLA1_5_ISR                           
0     000803ba  _CLA1_6_ISR                           
0     000803c4  _CLA1_7_ISR                           
0     000803ce  _CLA1_8_ISR                           
0     000803d8  _XINT3_ISR                            
0     000803e2  _XINT4_ISR                            
0     000803ec  _XINT5_ISR                            
0     000803f6  _VCU_ISR                              
0     00080400  _FPU_OVERFLOW_ISR                     
0     0008040a  _FPU_UNDERFLOW_ISR                    
0     00080414  _IPC0_ISR                             
0     0008041e  _IPC1_ISR                             
0     00080428  _IPC2_ISR                             
0     00080432  _IPC3_ISR                             
0     0008043c  _EPWM9_TZ_ISR                         
0     00080446  _EPWM10_TZ_ISR                        
0     00080450  _EPWM11_TZ_ISR                        
0     0008045a  _EPWM12_TZ_ISR                        
0     00080464  _EPWM9_ISR                            
0     0008046e  _EPWM10_ISR                           
0     00080478  _EPWM11_ISR                           
0     00080482  _EPWM12_ISR                           
0     0008048c  _SD1_ISR                              
0     00080496  _SD2_ISR                              
0     000804a0  _SPIC_RX_ISR                          
0     000804aa  _SPIC_TX_ISR                          
0     000804b4  _UPPA_ISR                             
0     000804be  _USBA_ISR                             
0     000804c8  _ADCC_EVT_ISR                         
0     000804d2  _ADCC2_ISR                            
0     000804dc  _ADCC3_ISR                            
0     000804e6  _ADCC4_ISR                            
0     000804f0  _ADCD_EVT_ISR                         
0     000804fa  _ADCD2_ISR                            
0     00080504  _ADCD3_ISR                            
0     0008050e  _ADCD4_ISR                            
0     00080518  _EMIF_ERROR_ISR                       
0     00080522  _RAM_CORRECTABLE_ERROR_ISR            
0     0008052c  _FLASH_CORRECTABLE_ERROR_ISR          
0     00080536  _RAM_ACCESS_VIOLATION_ISR             
0     00080540  _SYS_PLL_SLIP_ISR                     
0     0008054a  _AUX_PLL_SLIP_ISR                     
0     00080554  _CLA_OVERFLOW_ISR                     
0     0008055e  _CLA_UNDERFLOW_ISR                    
0     00080568  _PIE_RESERVED_ISR                     
0     00080572  _EMPTY_ISR                            
0     0008057f  _NOTUSED_ISR                          
0     000805fa  _CANInit                              
0     000806a7  _CANEnable                            
0     000806b0  _CANDisable                           
0     000806b8  _CANClkSourceSelect                   
0     000806df  _CANBitTimingGet                      
0     00080710  _CANBitRateSet                        
0     00080788  _CANBitTimingSet                      
0     000807d3  _CANIntRegister                       
0     000807e3  _CANIntUnregister                     
0     000807f0  _CANIntEnable                         
0     000807fe  _CANIntDisable                        
0     0008080e  _CANIntStatus                         
0     00080828  _CANIntClear                          
0     00080851  _CANRetrySet                          
0     00080862  _CANRetryGet                          
0     0008086c  _CANStatusGet                         
0     00080894  _CANErrCntrGet                        
0     000808af  _CANMessageSet                        
0     0008099f  _CANMessageGet                        
0     00080a72  _CANMessageClear                      
0     00080a98  _CANGlobalIntEnable                   
0     00080aa1  _CANGlobalIntDisable                  
0     00080aab  _CANGlobalIntClear                    
0     00080ab4  _CANGlobalIntstatusGet                
0     00080ac1  _IPCLiteLtoRGetResult                 
0     00080add  _IPCLiteLtoRDataRead                  
0     00080b03  _IPCLiteLtoRSetBits                   
0     00080b30  _IPCLiteLtoRSetBits_Protected         
0     00080b5d  _IPCLiteLtoRClearBits                 
0     00080b8a  _IPCLiteLtoRClearBits_Protected       
0     00080bb7  _IPCLiteLtoRDataWrite                 
0     00080bdf  _IPCLiteLtoRDataWrite_Protected       
0     00080c07  _IPCLiteLtoRFunctionCall              
0     00080c26  _IPCLiteReqMemAccess                  
0     00080c4a  _IPCLiteRtoLDataRead                  
0     00080c76  _IPCLiteRtoLSetBits                   
0     00080ca9  _IPCLiteRtoLSetBits_Protected         
0     00080cdf  _IPCLiteRtoLClearBits                 
0     00080d14  _IPCLiteRtoLClearBits_Protected       
0     00080d4c  _IPCLiteRtoLDataWrite                 
0     00080d7e  _IPCLiteRtoLDataWrite_Protected       
0     00080db3  _IPCLiteRtoLFunctionCall              
0     00080dd3  _DelayLoop                            
0     00080dda  _InitSysCtrl                          
0     00080e0b  _InitPeripheralClocks                 
0     00080e8f  _DisablePeripheralClocks              
0     00080ea7  _SeizeFlashPump                       
0     00080eb6  _ReleaseFlashPump                     
0     00080ec0  _ServiceDog                           
0     00080ece  _DisableDog                           
0     00080edc  _InitSysPll                           
0     00080f65  _InitAuxPll                           
0     00080ffc  _CsmUnlock                            
0     0008101d  _SysIntOsc1Sel                        
0     00081027  _SysIntOsc2Sel                        
0     00081031  _SysXtalOscSel                        
0     0008103d  _AuxIntOsc2Sel                        
0     00081047  _AuxXtalOscSel                        
0     00081053  _AuxAuxClkSel                         
0     0008105d  _IDLE                                 
0     00081066  _STANDBY                              
0     00081071  _HALT                                 
0     0008108a  _HIB                                  
0     000810a7  _InitGpio                             
0     000810e7  _GPIO_SetupPinMux                     
0     00081173  _GPIO_SetupPinOptions                 
0     00081207  _GPIO_SetupLock                       
0     00081230  _GPIO_SetupXINT1Gpio                  
0     0008123a  _GPIO_SetupXINT2Gpio                  
0     00081244  _GPIO_SetupXINT3Gpio                  
0     0008124e  _GPIO_SetupXINT4Gpio                  
0     00081258  _GPIO_SetupXINT5Gpio                  
0     00081262  _GPIO_EnableUnbondedIOPullupsFor176Pin
0     0008127b  _GPIO_EnableUnbondedIOPullupsFor100Pin
0     000812a0  _GPIO_EnableUnbondedIOPullups         
0     000812b6  _GPIO_ReadPin                         
0     000812cd  _GPIO_WritePin                        
0     000812eb  _IntMasterEnable                      
0     000812f3  _IntMasterDisable                     
0     000812fb  _IntRegister                          
0     00081310  _IntUnregister                        
0     00081327  _IntEnable                            
0     000813ba  _IntDisable                           
0     0008143a  _IntIFRClear                          
0     000814b9  _globalInterruptEnable                
0     000814bd  _globalInterruptDisable               
0     000814c0  _c2000_flash_init                     
0     000814cf  _initSetGPIOIPC                       
0     00081523  _setGPIOForCPU2                       
0     00081542  _setInXBARForCPU2                     
0     000815ac  _setOutXBARForCPU2                    
0     000815ee  _AdcSetMode                           
0     00081691  _CalAdcINL                            
0     000816cb  _ADC_LED_CAN_step                     
0     00081776  _ADC_LED_CAN_initialize               
0     00081799  _ADC_LED_CAN_terminate                
0     0008179a  _CPU02toCPU01IPC0IntHandler           
0     0008185f  _init_board                           
0     000818f3  _init_eCAN_B                          
0     00081973  _InitCpuTimers                        
0     000819b4  _ConfigCpuTimer                       
0     000819ef  _configureTimer0                      
0     00081a32  _enableTimer0Interrupt                
0     00081a3a  _disableTimer0Interrupt               
0     00081a48  _c_int00                              
0     00081a9e  _rt_OneStep                           
0     00081ab2  _main                                 
0     00081aed  _copy_in                              
0     00081b33  _TINT0_isr                            
0     00081b77  _config_ADCA_SOC0                     
0     00081b94  _InitAdcA                             
0     00081baf  C$$EXIT                               
0     00081baf  _abort                                
0     00081bb1  _exit                                 
0     00081bd8  _InitPieCtrl                          
0     00081bf7  _EnableInterrupts                     
0     00081c00  _InitPieVectTable                     
0     00081c26  _memcpy                               
0     00081c44  _ddcopy                               
0     00081c44  _dpcopy                               
0     00081c44  _pdcopy                               
0     00081c44  _ppcopy                               
0     00081c5e  __args_main                           
0     00081c77  _IntDefaultHandler                    
0     00081c86  __register_unlock                     
0     00081c8a  __register_lock                       
0     00081c8e  __nop                                 
0     00081c97  __system_pre_init                     
0     00081c99  __system_post_cinit                   
0     00081c9a  ___etext__                            
0     00081c9a  etext                                 
0     00081c9c  _RamfuncsLoadStart                    
0     00081cd7  _RamfuncsLoadEnd                      
0     00081cd8  _PieVectTableInit                     
0     00081ea2  _ADC_LED_CAN_M                        
0     00081ee4  ___cinit__                            
0     00081ee4  cinit                                 
1     00000400  __stack                               
1     00000600  __STACK_END                           
1     00000b00  _AdcaResultRegs                       
1     00000b20  _AdcbResultRegs                       
1     00000b40  _AdccResultRegs                       
1     00000b60  _AdcdResultRegs                       
1     00000c00  _CpuTimer0Regs                        
1     00000c08  _CpuTimer1Regs                        
1     00000c10  _CpuTimer2Regs                        
1     00000ce0  _PieCtrlRegs                          
1     00001000  _DmaRegs                              
1     00001400  _Cla1Regs                             
1     00004000  _EPwm1Regs                            
1     00004100  _EPwm2Regs                            
1     00004200  _EPwm3Regs                            
1     00004300  _EPwm4Regs                            
1     00004400  _EPwm5Regs                            
1     00004500  _EPwm6Regs                            
1     00004600  _EPwm7Regs                            
1     00004700  _EPwm8Regs                            
1     00004800  _EPwm9Regs                            
1     00004900  _EPwm10Regs                           
1     00004a00  _EPwm11Regs                           
1     00004b00  _EPwm12Regs                           
1     00005000  _ECap1Regs                            
1     00005020  _ECap2Regs                            
1     00005040  _ECap3Regs                            
1     00005060  _ECap4Regs                            
1     00005080  _ECap5Regs                            
1     000050a0  _ECap6Regs                            
1     00005100  _EQep1Regs                            
1     00005140  _EQep2Regs                            
1     00005180  _EQep3Regs                            
1     00005c00  _DacaRegs                             
1     00005c10  _DacbRegs                             
1     00005c20  _DaccRegs                             
1     00005c80  _Cmpss1Regs                           
1     00005ca0  _Cmpss2Regs                           
1     00005cc0  _Cmpss3Regs                           
1     00005ce0  _Cmpss4Regs                           
1     00005d00  _Cmpss5Regs                           
1     00005d20  _Cmpss6Regs                           
1     00005d40  _Cmpss7Regs                           
1     00005d60  _Cmpss8Regs                           
1     00005e00  _Sdfm1Regs                            
1     00005e80  _Sdfm2Regs                            
1     00006000  _McbspaRegs                           
1     00006040  _McbspbRegs                           
1     00006100  _SpiaRegs                             
1     00006110  _SpibRegs                             
1     00006120  _SpicRegs                             
1     00006200  _UppRegs                              
1     00007000  _WdRegs                               
1     00007060  _NmiIntruptRegs                       
1     00007070  _XintRegs                             
1     00007200  _SciaRegs                             
1     00007210  _ScibRegs                             
1     00007220  _ScicRegs                             
1     00007230  _ScidRegs                             
1     00007300  _I2caRegs                             
1     00007340  _I2cbRegs                             
1     00007400  _AdcaRegs                             
1     00007480  _AdcbRegs                             
1     00007500  _AdccRegs                             
1     00007580  _AdcdRegs                             
1     00007900  _InputXbarRegs                        
1     00007920  _XbarRegs                             
1     00007940  _SyncSocRegs                          
1     00007980  _DmaClaSrcSelRegs                     
1     00007a00  _EPwmXbarRegs                         
1     00007a80  _OutputXbarRegs                       
1     00007c00  _GpioCtrlRegs                         
1     00007f00  _GpioDataRegs                         
1     00008000  _CpuTimer1                            
1     00008008  _CpuTimer2                            
1     00008010  _CpuTimer0                            
1     00008018  _CAN_DATATYPE_GROUND                  
1     00008028  _ADC_LED_CAN_M_                       
1     0000802a  _ADC_LED_CAN_B                        
1     00008030  _ADC_LED_CAN_P                        
1     00008036  _ErrorFlag                            
1     00008038  _mwInitEnd                            
1     0000803a  _mwInitStart                          
1     0000803c  __lock                                
1     0000803e  __unlock                              
1     00008040  ___TI_enable_exit_profile_output      
1     00008042  ___TI_cleanup_ptr                     
1     00008044  ___TI_dtors_ptr                       
1     00008046  _IsrOverrun                           
1     00047000  _Emif1Regs                            
1     00047800  _Emif2Regs                            
1     00050000  _IpcRegs                              
1     00050024  _FlashPumpSemaphoreRegs               
1     0005d000  _DevCfgRegs                           
1     0005d180  _AnalogSubsysRegs                     
1     0005d200  _ClkCfgRegs                           
1     0005d300  _CpuSysRegs                           
1     0005e608  _RomPrefetchRegs                      
1     0005f000  _DcsmZ1Regs                           
1     0005f040  _DcsmZ2Regs                           
1     0005f070  _DcsmCommonRegs                       
1     0005f400  _MemCfgRegs                           
1     0005f480  _Emif1ConfigRegs                      
1     0005f4a0  _Emif2ConfigRegs                      
1     0005f4c0  _AccessProtectionRegs                 
1     0005f500  _MemoryErrorRegs                      
1     0005f540  _RomWaitStateRegs                     
1     0005f800  _Flash0CtrlRegs                       
1     0005fb00  _Flash0EccRegs                        
1     00078000  _DcsmZ1Otp                            
1     00078200  _DcsmZ2Otp                            
abs   0000003b  _RamfuncsLoadSize                     
abs   0000003b  _RamfuncsRunSize                      
abs   00000200  __STACK_SIZE                          
abs   ffffffff  ___TI_pprof_out_hndl                  
abs   ffffffff  ___TI_prof_data_size                  
abs   ffffffff  ___TI_prof_data_start                 
abs   ffffffff  ___binit__                            
abs   ffffffff  ___c_args__                           
abs   ffffffff  ___pinit__                            
abs   ffffffff  binit                                 
abs   ffffffff  pinit                                 

[412 symbols]
