******************************************************************************
             TMS320C2000 Linker PC v6.4.11                     
******************************************************************************
>> Linked Mon Feb 06 16:53:51 2017

OUTPUT FILE NAME:   <../Blinky_ePWM_ADC.out>
ENTRY POINT SYMBOL: "_c_int00"  address: 000086ab


MEMORY CONFIGURATION

         name            origin    length      used     unused   attr    fill
----------------------  --------  ---------  --------  --------  ----  --------
PAGE 0:
  BEGINRAM              00000000   00000002  00000002  00000000  RWIX
  PRAML0                00008000   00001000  000008ae  00000752  RWIX
  OTP                   003d7800   00000400  00000000  00000400  RWIX
  FLASH                 003f0000   00007ff6  00000000  00007ff6  RWIX
  BEGINFLASH            003f7ff6   00000002  00000000  00000002  RWIX
  CSM_PWL               003f7ff8   00000008  00000000  00000008  RWIX
  IQTABLES              003fe000   00000b50  00000000  00000b50  RWIX
  IQTABLES2             003feb50   0000008c  00000000  0000008c  RWIX
  IQTABLES3             003febdc   000000aa  00000000  000000aa  RWIX
  BOOTROM               003ff27c   00000d44  00000000  00000d44  RWIX
  RESET                 003fffc0   00000002  00000000  00000002  RWIX
  VECTORS               003fffc2   0000003e  00000000  0000003e  RWIX

PAGE 1:
  RAMM0M1               00000002   000007fe  00000334  000004ca  RWIX
  DEV_EMU               00000880   00000105  00000004  00000101  RWIX
  SYS_PWR_CTL           00000985   00000003  00000003  00000000  RWIX
  FLASH_REGS            00000a80   00000060  00000008  00000058  RWIX
  CSM                   00000ae0   00000010  00000010  00000000  RWIX
  ADC_RESULT            00000b00   00000020  00000020  00000000  RWIX
  CPU_TIMER0            00000c00   00000008  00000008  00000000  RWIX
  CPU_TIMER1            00000c08   00000008  00000008  00000000  RWIX
  CPU_TIMER2            00000c10   00000008  00000008  00000000  RWIX
  PIE_CTRL              00000ce0   00000020  0000001a  00000006  RWIX
  PIE_VECT              00000d00   00000100  00000100  00000000  RWIX
  COMP1                 00006400   00000020  00000011  0000000f  RWIX
  COMP2                 00006420   00000020  00000011  0000000f  RWIX
  EPWM1                 00006800   00000040  00000040  00000000  RWIX
  EPWM2                 00006840   00000040  00000040  00000000  RWIX
  EPWM3                 00006880   00000040  00000040  00000000  RWIX
  EPWM4                 000068c0   00000040  00000040  00000000  RWIX
  ECAP1                 00006a00   00000020  00000020  00000000  RWIX
  GPIOCTRL              00006f80   00000040  00000040  00000000  RWIX
  GPIODAT               00006fc0   00000020  00000020  00000000  RWIX
  GPIOINT               00006fe0   00000020  0000000a  00000016  RWIX
  SYSTEM                00007010   00000020  0000001f  00000001  RWIX
  SPIA                  00007040   00000010  00000010  00000000  RWIX
  SCIA                  00007050   00000010  00000010  00000000  RWIX
  NMIINTRUPT            00007060   00000010  00000010  00000000  RWIX
  XINTRUPT              00007070   00000010  00000010  00000000  RWIX
  ADC                   00007100   00000080  00000051  0000002f  RWIX
  I2CA                  00007900   00000040  00000022  0000001e  RWIX
  PARTID                003d7fff   00000001  00000001  00000000  RWIX
  CSM_PWL               003f7ff8   00000008  00000008  00000000  RWIX


SECTION ALLOCATION MAP

 output                                  attributes/
section   page    origin      length       input sections
--------  ----  ----------  ----------   ----------------
codestart 
*          0    00000000    00000002     
                  00000000    00000002     f2802x_codestartbranch.obj (codestart)

.text      0    00008000    00000883     
                  00008000    00000230     f2802x_adc.obj (.text)
                  00008230    0000013a     f2802x_sysctrl.obj (.text)
                  0000836a    000000ff     f2802x_defaultisr.obj (.text:retain)
                  00008469    00000098     Blinky_ePWM_ADC.obj (.text)
                  00008501    00000073     f2802x_cputimers.obj (.text)
                  00008574    0000005a     rts2800_ml.lib : fs_mpy.obj (.text)
                  000085ce    0000004d     ert_main.obj (.text)
                  0000861b    00000049     MW_c28xx_csl.obj (.text)
                  00008664    00000047     DSP28xx_SciUtil.obj (.text)
                  000086ab    00000044     rts2800_ml.lib : boot.obj (.text)
                  000086ef    0000003d     MW_c28xx_board.obj (.text)
                  0000872c    0000003c     c2802xSchedulerTimer0.obj (.text)
                  00008768    0000002c     MW_c28xx_adc.obj (.text)
                  00008794    0000002b     c2802xSchedulerTimer0.obj (.text:retain)
                  000087bf    00000029     rts2800_ml.lib : fs_tol.obj (.text)
                  000087e8    00000028     f2802x_piectrl.obj (.text)
                  00008810    00000028     f2802x_pievect.obj (.text)
                  00008838    00000019     rts2800_ml.lib : args_main.obj (.text)
                  00008851    00000019                    : exit.obj (.text)
                  0000886a    00000009                    : _lock.obj (.text)
                  00008873    00000008     c2802xBoard_Realtime_Support.obj (.text)
                  0000887b    00000008     f2802x_codestartbranch.obj (.text)

.cinit     0    00008883    00000027     
                  00008883    0000000a     rts2800_ml.lib : exit.obj (.cinit)
                  0000888d    00000009     Blinky_ePWM_ADC_data.obj (.cinit)
                  00008896    00000008     ert_main.obj (.cinit)
                  0000889e    00000005     rts2800_ml.lib : _lock.obj (.cinit:__lock)
                  000088a3    00000005                    : _lock.obj (.cinit:__unlock)
                  000088a8    00000002     --HOLE-- [fill = 0]

.bss       1    00000002    00000000     UNINITIALIZED

.ebss      1    00000304    00000032     UNINITIALIZED
                  00000304    00000018     f2802x_cputimers.obj (.ebss)
                  0000031c    0000000a     Blinky_ePWM_ADC.obj (.ebss)
                  00000326    00000006     Blinky_ePWM_ADC_data.obj (.ebss)
                  0000032c    00000004     rts2800_ml.lib : exit.obj (.ebss)
                  00000330    00000002                    : _lock.obj (.ebss:__lock)
                  00000332    00000002                    : _lock.obj (.ebss:__unlock)
                  00000334    00000002     ert_main.obj (.ebss)

.pinit     0    00008000    00000000     UNINITIALIZED

.data      1    00000002    00000000     UNINITIALIZED

.stack     1    00000002    00000200     UNINITIALIZED
                  00000002    00000200     --HOLE--

.econst    1    00000202    00000102     
                  00000202    00000100     f2802x_pievect.obj (.econst)
                  00000302    00000002     Blinky_ePWM_ADC.obj (.econst)

.reset     0    003fffc0    00000002     DSECT
                  003fffc0    00000002     rts2800_ml.lib : boot.obj (.reset)

ramfuncs   0    000088aa    00000004     
                  000088aa    00000004     f2802x_usdelay.obj (ramfuncs)

DevEmuRegsFile 
*          1    00000880    00000004     UNINITIALIZED
                  00000880    00000004     F2802x_GlobalVariableDefs.obj (DevEmuRegsFile)

SysPwrCtrlRegsFile 
*          1    00000985    00000003     UNINITIALIZED
                  00000985    00000003     F2802x_GlobalVariableDefs.obj (SysPwrCtrlRegsFile)

FlashRegsFile 
*          1    00000a80    00000008     UNINITIALIZED
                  00000a80    00000008     F2802x_GlobalVariableDefs.obj (FlashRegsFile)

CsmRegsFile 
*          1    00000ae0    00000010     UNINITIALIZED
                  00000ae0    00000010     F2802x_GlobalVariableDefs.obj (CsmRegsFile)

AdcResultFile 
*          1    00000b00    00000020     UNINITIALIZED
                  00000b00    00000020     F2802x_GlobalVariableDefs.obj (AdcResultFile)

CpuTimer0RegsFile 
*          1    00000c00    00000008     UNINITIALIZED
                  00000c00    00000008     F2802x_GlobalVariableDefs.obj (CpuTimer0RegsFile)

CpuTimer1RegsFile 
*          1    00000c08    00000008     UNINITIALIZED
                  00000c08    00000008     F2802x_GlobalVariableDefs.obj (CpuTimer1RegsFile)

CpuTimer2RegsFile 
*          1    00000c10    00000008     UNINITIALIZED
                  00000c10    00000008     F2802x_GlobalVariableDefs.obj (CpuTimer2RegsFile)

PieCtrlRegsFile 
*          1    00000ce0    0000001a     UNINITIALIZED
                  00000ce0    0000001a     F2802x_GlobalVariableDefs.obj (PieCtrlRegsFile)

PieVectTableFile 
*          1    00000d00    00000100     UNINITIALIZED
                  00000d00    00000100     F2802x_GlobalVariableDefs.obj (PieVectTableFile)

EmuKeyVar 
*          1    00000d00    00000001     UNINITIALIZED
                  00000d00    00000001     F2802x_GlobalVariableDefs.obj (EmuKeyVar)

EmuBModeVar 
*          1    00000d01    00000001     UNINITIALIZED
                  00000d01    00000001     F2802x_GlobalVariableDefs.obj (EmuBModeVar)

FlashCallbackVar 
*          1    00000d02    00000002     UNINITIALIZED
                  00000d02    00000002     F2802x_GlobalVariableDefs.obj (FlashCallbackVar)

FlashScalingVar 
*          1    00000d04    00000002     UNINITIALIZED
                  00000d04    00000002     F2802x_GlobalVariableDefs.obj (FlashScalingVar)

Comp1RegsFile 
*          1    00006400    00000011     UNINITIALIZED
                  00006400    00000011     F2802x_GlobalVariableDefs.obj (Comp1RegsFile)

Comp2RegsFile 
*          1    00006420    00000011     UNINITIALIZED
                  00006420    00000011     F2802x_GlobalVariableDefs.obj (Comp2RegsFile)

EPwm1RegsFile 
*          1    00006800    00000040     UNINITIALIZED
                  00006800    00000040     F2802x_GlobalVariableDefs.obj (EPwm1RegsFile)

EPwm2RegsFile 
*          1    00006840    00000040     UNINITIALIZED
                  00006840    00000040     F2802x_GlobalVariableDefs.obj (EPwm2RegsFile)

EPwm3RegsFile 
*          1    00006880    00000040     UNINITIALIZED
                  00006880    00000040     F2802x_GlobalVariableDefs.obj (EPwm3RegsFile)

EPwm4RegsFile 
*          1    000068c0    00000040     UNINITIALIZED
                  000068c0    00000040     F2802x_GlobalVariableDefs.obj (EPwm4RegsFile)

ECap1RegsFile 
*          1    00006a00    00000020     UNINITIALIZED
                  00006a00    00000020     F2802x_GlobalVariableDefs.obj (ECap1RegsFile)

GpioCtrlRegsFile 
*          1    00006f80    00000040     UNINITIALIZED
                  00006f80    00000040     F2802x_GlobalVariableDefs.obj (GpioCtrlRegsFile)

GpioDataRegsFile 
*          1    00006fc0    00000020     UNINITIALIZED
                  00006fc0    00000020     F2802x_GlobalVariableDefs.obj (GpioDataRegsFile)

GpioIntRegsFile 
*          1    00006fe0    0000000a     UNINITIALIZED
                  00006fe0    0000000a     F2802x_GlobalVariableDefs.obj (GpioIntRegsFile)

SysCtrlRegsFile 
*          1    00007010    0000001f     UNINITIALIZED
                  00007010    0000001f     F2802x_GlobalVariableDefs.obj (SysCtrlRegsFile)

SpiaRegsFile 
*          1    00007040    00000010     UNINITIALIZED
                  00007040    00000010     F2802x_GlobalVariableDefs.obj (SpiaRegsFile)

SciaRegsFile 
*          1    00007050    00000010     UNINITIALIZED
                  00007050    00000010     F2802x_GlobalVariableDefs.obj (SciaRegsFile)

NmiIntruptRegsFile 
*          1    00007060    00000010     UNINITIALIZED
                  00007060    00000010     F2802x_GlobalVariableDefs.obj (NmiIntruptRegsFile)

XIntruptRegsFile 
*          1    00007070    00000010     UNINITIALIZED
                  00007070    00000010     F2802x_GlobalVariableDefs.obj (XIntruptRegsFile)

AdcRegsFile 
*          1    00007100    00000051     UNINITIALIZED
                  00007100    00000051     F2802x_GlobalVariableDefs.obj (AdcRegsFile)

I2caRegsFile 
*          1    00007900    00000022     UNINITIALIZED
                  00007900    00000022     F2802x_GlobalVariableDefs.obj (I2caRegsFile)

PartIdRegsFile 
*          1    003d7fff    00000001     UNINITIALIZED
                  003d7fff    00000001     F2802x_GlobalVariableDefs.obj (PartIdRegsFile)

CsmPwlFile 
*          1    003f7ff8    00000008     UNINITIALIZED
                  003f7ff8    00000008     F2802x_GlobalVariableDefs.obj (CsmPwlFile)


GLOBAL DATA SYMBOLS: SORTED BY DATA PAGE

address     data page           name
--------    ----------------    ----
00000002       0 (00000000)     __stack

00000202       8 (00000200)     _PieVectTableInit

00000302       c (00000300)     _Blinky_ePWM_ADC_M
00000304       c (00000300)     _CpuTimer1
0000030c       c (00000300)     _CpuTimer2
00000314       c (00000300)     _CpuTimer0
0000031c       c (00000300)     _Blinky_ePWM_ADC_M_
0000031e       c (00000300)     _Blinky_ePWM_ADC_B
00000326       c (00000300)     _Blinky_ePWM_ADC_P
0000032c       c (00000300)     ___TI_cleanup_ptr
0000032e       c (00000300)     ___TI_dtors_ptr
00000330       c (00000300)     __lock
00000332       c (00000300)     __unlock
00000334       c (00000300)     _IsrOverrun

00000880      22 (00000880)     _DevEmuRegs

00000985      26 (00000980)     _SysPwrCtrlRegs

00000a80      2a (00000a80)     _FlashRegs

00000ae0      2b (00000ac0)     _CsmRegs

00000b00      2c (00000b00)     _AdcResult

00000c00      30 (00000c00)     _CpuTimer0Regs
00000c08      30 (00000c00)     _CpuTimer1Regs
00000c10      30 (00000c00)     _CpuTimer2Regs

00000ce0      33 (00000cc0)     _PieCtrlRegs

00000d00      34 (00000d00)     _EmuKey
00000d00      34 (00000d00)     _PieVectTable
00000d01      34 (00000d00)     _EmuBMode
00000d02      34 (00000d00)     _Flash_CallbackPtr
00000d04      34 (00000d00)     _Flash_CPUScaleFactor

00006400     190 (00006400)     _Comp1Regs
00006420     190 (00006400)     _Comp2Regs

00006800     1a0 (00006800)     _EPwm1Regs

00006840     1a1 (00006840)     _EPwm2Regs

00006880     1a2 (00006880)     _EPwm3Regs

000068c0     1a3 (000068c0)     _EPwm4Regs

00006a00     1a8 (00006a00)     _ECap1Regs

00006f80     1be (00006f80)     _GpioCtrlRegs

00006fc0     1bf (00006fc0)     _GpioDataRegs
00006fe0     1bf (00006fc0)     _GpioIntRegs

00007010     1c0 (00007000)     _SysCtrlRegs

00007040     1c1 (00007040)     _SpiaRegs
00007050     1c1 (00007040)     _SciaRegs
00007060     1c1 (00007040)     _NmiIntruptRegs
00007070     1c1 (00007040)     _XIntruptRegs

00007100     1c4 (00007100)     _AdcRegs

00007900     1e4 (00007900)     _I2caRegs

003d7fff    f5ff (003d7fc0)     _PartIdRegs

003f7ff8    fdff (003f7fc0)     _CsmPwl


GLOBAL SYMBOLS: SORTED ALPHABETICALLY BY Name 

page  address   name                       
----  -------   ----                       
1     00000002  .bss                       
1     00000002  .data                      
0     00008000  .text                      
0     00008851  C$$EXIT                    
0     00008574  FS$$MPY                    
0     000087bf  FS$$TOL                    
0     000083c9  _ADCINT1_ISR               
0     000083ce  _ADCINT2_ISR               
0     00008437  _ADCINT3_ISR               
0     0000843c  _ADCINT4_ISR               
0     00008441  _ADCINT5_ISR               
0     00008446  _ADCINT6_ISR               
0     0000844b  _ADCINT7_ISR               
0     00008450  _ADCINT8_ISR               
0     000083dd  _ADCINT9_ISR               
0     00008068  _AdcChanSelect             
0     000080dd  _AdcConversion             
0     00008041  _AdcOffsetSelfCal          
1     00007100  _AdcRegs                   
1     00000b00  _AdcResult                 
1     0000031e  _Blinky_ePWM_ADC_B         
1     00000302  _Blinky_ePWM_ADC_M         
1     0000031c  _Blinky_ePWM_ADC_M_        
1     00000326  _Blinky_ePWM_ADC_P         
0     000084d3  _Blinky_ePWM_ADC_initialize
0     00008469  _Blinky_ePWM_ADC_step      
0     00008500  _Blinky_ePWM_ADC_terminate 
1     00006400  _Comp1Regs                 
1     00006420  _Comp2Regs                 
0     00008542  _ConfigCpuTimer            
1     00000314  _CpuTimer0                 
1     00000c00  _CpuTimer0Regs             
1     00000304  _CpuTimer1                 
1     00000c08  _CpuTimer1Regs             
1     0000030c  _CpuTimer2                 
1     00000c10  _CpuTimer2Regs             
1     003f7ff8  _CsmPwl                    
1     00000ae0  _CsmRegs                   
0     000082e3  _CsmUnlock                 
0     00008374  _DATALOG_ISR               
0     000088aa  _DSP28x_usDelay            
1     00000880  _DevEmuRegs                
0     00008254  _DisableDog                
0     00008414  _ECAP1_INT_ISR             
1     00006a00  _ECap1Regs                 
0     0000845a  _EMPTY_ISR                 
0     0000837e  _EMUINT_ISR                
0     00008400  _EPWM1_INT_ISR             
0     000083ec  _EPWM1_TZINT_ISR           
0     00008405  _EPWM2_INT_ISR             
0     000083f1  _EPWM2_TZINT_ISR           
0     0000840a  _EPWM3_INT_ISR             
0     000083f6  _EPWM3_TZINT_ISR           
0     0000840f  _EPWM4_INT_ISR             
0     000083fb  _EPWM4_TZINT_ISR           
1     00006800  _EPwm1Regs                 
1     00006840  _EPwm2Regs                 
1     00006880  _EPwm3Regs                 
1     000068c0  _EPwm4Regs                 
1     00000d01  _EmuBMode                  
1     00000d00  _EmuKey                    
0     00008807  _EnableInterrupts          
0     00008354  _ExtOscSel                 
1     00000a80  _FlashRegs                 
1     00000d04  _Flash_CPUScaleFactor      
1     00000d02  _Flash_CallbackPtr         
1     00006f80  _GpioCtrlRegs              
1     00006fc0  _GpioDataRegs              
1     00006fe0  _GpioIntRegs               
0     00008423  _I2CINT1A_ISR              
0     00008428  _I2CINT2A_ISR              
1     00007900  _I2caRegs                  
0     00008388  _ILLEGAL_ISR               
0     0000836a  _INT13_ISR                 
0     0000836f  _INT14_ISR                 
0     00008000  _InitAdc                   
0     0000801f  _InitAdcAio                
0     00008501  _InitCpuTimers             
0     000082b1  _InitPeripheralClocks      
0     000087e8  _InitPieCtrl               
0     00008810  _InitPieVectTable          
0     0000825c  _InitPll                   
0     00008230  _InitSysCtrl               
0     00008314  _IntOsc1Sel                
0     00008324  _IntOsc2Sel                
1     00000334  _IsrOverrun                
0     00008383  _NMI_ISR                   
1     00007060  _NmiIntruptRegs            
0     0000845f  _PIE_RESERVED              
1     003d7fff  _PartIdRegs                
1     00000ce0  _PieCtrlRegs               
1     00000d00  _PieVectTable              
1     00000202  _PieVectTableInit          
0     00008379  _RTOSINT_ISR               
0     0000842d  _SCIRXINTA_ISR             
0     00008432  _SCITXINTA_ISR             
0     00008419  _SPIRXINTA_ISR             
0     0000841e  _SPITXINTA_ISR             
1     00007050  _SciaRegs                  
0     0000824a  _ServiceDog                
1     00007040  _SpiaRegs                  
1     00007010  _SysCtrlRegs               
1     00000985  _SysPwrCtrlRegs            
0     000083e2  _TINT0_ISR                 
0     00008794  _TINT0_isr                 
0     000083ba  _USER10_ISR                
0     000083bf  _USER11_ISR                
0     000083c4  _USER12_ISR                
0     0000838d  _USER1_ISR                 
0     00008392  _USER2_ISR                 
0     00008397  _USER3_ISR                 
0     0000839c  _USER4_ISR                 
0     000083a1  _USER5_ISR                 
0     000083a6  _USER6_ISR                 
0     000083ab  _USER7_ISR                 
0     000083b0  _USER8_ISR                 
0     000083b5  _USER9_ISR                 
0     000083e7  _WAKEINT_ISR               
0     000083d3  _XINT1_ISR                 
0     000083d8  _XINT2_ISR                 
0     00008455  _XINT3_ISR                 
1     00007070  _XIntruptRegs              
0     00008338  _XtalOscSel                
1     00000202  __STACK_END                
abs   00000200  __STACK_SIZE               
1     0000032c  ___TI_cleanup_ptr          
1     0000032e  ___TI_dtors_ptr            
abs   ffffffff  ___binit__                 
1     00000002  ___bss__                   
abs   ffffffff  ___c_args__                
0     00008883  ___cinit__                 
1     00000002  ___data__                  
1     00000002  ___edata__                 
1     00000002  ___end__                   
0     00008883  ___etext__                 
abs   ffffffff  ___pinit__                 
0     00008000  ___text__                  
0     00008838  __args_main                
1     00000330  __lock                     
0     00008872  __nop                      
0     0000886e  __register_lock            
0     0000886a  __register_unlock          
1     00000002  __stack                    
1     00000332  __unlock                   
0     00008851  _abort                     
0     0000887a  _c2000_flash_init          
0     000086ab  _c_int00                   
0     00008768  _config_ADC_SOC0           
0     0000872c  _configureTimer0           
0     0000875a  _disableTimer0Interrupt    
0     0000861b  _disableWatchdog           
0     00008752  _enableTimer0Interrupt     
0     00008626  _enable_interrupts         
0     00008853  _exit                      
0     00008877  _globalInterruptDisable    
0     00008873  _globalInterruptEnable     
0     0000862a  _init_SCI                  
0     00008657  _init_SCI_GPIO             
0     000086ef  _init_board                
0     000085e2  _main                      
0     00008464  _rsvd_ISR                  
0     000085ce  _rt_OneStep                
0     00008664  _scia_xmit                 
abs   ffffffff  binit                      
0     00008883  cinit                      
0     00000000  code_start                 
1     00000002  edata                      
1     00000002  end                        
0     00008883  etext                      
abs   ffffffff  pinit                      


GLOBAL SYMBOLS: SORTED BY Symbol Address 

page  address   name                       
----  -------   ----                       
0     00000000  code_start                 
0     00008000  .text                      
0     00008000  _InitAdc                   
0     00008000  ___text__                  
0     0000801f  _InitAdcAio                
0     00008041  _AdcOffsetSelfCal          
0     00008068  _AdcChanSelect             
0     000080dd  _AdcConversion             
0     00008230  _InitSysCtrl               
0     0000824a  _ServiceDog                
0     00008254  _DisableDog                
0     0000825c  _InitPll                   
0     000082b1  _InitPeripheralClocks      
0     000082e3  _CsmUnlock                 
0     00008314  _IntOsc1Sel                
0     00008324  _IntOsc2Sel                
0     00008338  _XtalOscSel                
0     00008354  _ExtOscSel                 
0     0000836a  _INT13_ISR                 
0     0000836f  _INT14_ISR                 
0     00008374  _DATALOG_ISR               
0     00008379  _RTOSINT_ISR               
0     0000837e  _EMUINT_ISR                
0     00008383  _NMI_ISR                   
0     00008388  _ILLEGAL_ISR               
0     0000838d  _USER1_ISR                 
0     00008392  _USER2_ISR                 
0     00008397  _USER3_ISR                 
0     0000839c  _USER4_ISR                 
0     000083a1  _USER5_ISR                 
0     000083a6  _USER6_ISR                 
0     000083ab  _USER7_ISR                 
0     000083b0  _USER8_ISR                 
0     000083b5  _USER9_ISR                 
0     000083ba  _USER10_ISR                
0     000083bf  _USER11_ISR                
0     000083c4  _USER12_ISR                
0     000083c9  _ADCINT1_ISR               
0     000083ce  _ADCINT2_ISR               
0     000083d3  _XINT1_ISR                 
0     000083d8  _XINT2_ISR                 
0     000083dd  _ADCINT9_ISR               
0     000083e2  _TINT0_ISR                 
0     000083e7  _WAKEINT_ISR               
0     000083ec  _EPWM1_TZINT_ISR           
0     000083f1  _EPWM2_TZINT_ISR           
0     000083f6  _EPWM3_TZINT_ISR           
0     000083fb  _EPWM4_TZINT_ISR           
0     00008400  _EPWM1_INT_ISR             
0     00008405  _EPWM2_INT_ISR             
0     0000840a  _EPWM3_INT_ISR             
0     0000840f  _EPWM4_INT_ISR             
0     00008414  _ECAP1_INT_ISR             
0     00008419  _SPIRXINTA_ISR             
0     0000841e  _SPITXINTA_ISR             
0     00008423  _I2CINT1A_ISR              
0     00008428  _I2CINT2A_ISR              
0     0000842d  _SCIRXINTA_ISR             
0     00008432  _SCITXINTA_ISR             
0     00008437  _ADCINT3_ISR               
0     0000843c  _ADCINT4_ISR               
0     00008441  _ADCINT5_ISR               
0     00008446  _ADCINT6_ISR               
0     0000844b  _ADCINT7_ISR               
0     00008450  _ADCINT8_ISR               
0     00008455  _XINT3_ISR                 
0     0000845a  _EMPTY_ISR                 
0     0000845f  _PIE_RESERVED              
0     00008464  _rsvd_ISR                  
0     00008469  _Blinky_ePWM_ADC_step      
0     000084d3  _Blinky_ePWM_ADC_initialize
0     00008500  _Blinky_ePWM_ADC_terminate 
0     00008501  _InitCpuTimers             
0     00008542  _ConfigCpuTimer            
0     00008574  FS$$MPY                    
0     000085ce  _rt_OneStep                
0     000085e2  _main                      
0     0000861b  _disableWatchdog           
0     00008626  _enable_interrupts         
0     0000862a  _init_SCI                  
0     00008657  _init_SCI_GPIO             
0     00008664  _scia_xmit                 
0     000086ab  _c_int00                   
0     000086ef  _init_board                
0     0000872c  _configureTimer0           
0     00008752  _enableTimer0Interrupt     
0     0000875a  _disableTimer0Interrupt    
0     00008768  _config_ADC_SOC0           
0     00008794  _TINT0_isr                 
0     000087bf  FS$$TOL                    
0     000087e8  _InitPieCtrl               
0     00008807  _EnableInterrupts          
0     00008810  _InitPieVectTable          
0     00008838  __args_main                
0     00008851  C$$EXIT                    
0     00008851  _abort                     
0     00008853  _exit                      
0     0000886a  __register_unlock          
0     0000886e  __register_lock            
0     00008872  __nop                      
0     00008873  _globalInterruptEnable     
0     00008877  _globalInterruptDisable    
0     0000887a  _c2000_flash_init          
0     00008883  ___cinit__                 
0     00008883  ___etext__                 
0     00008883  cinit                      
0     00008883  etext                      
0     000088aa  _DSP28x_usDelay            
1     00000002  .bss                       
1     00000002  .data                      
1     00000002  ___bss__                   
1     00000002  ___data__                  
1     00000002  ___edata__                 
1     00000002  ___end__                   
1     00000002  __stack                    
1     00000002  edata                      
1     00000002  end                        
1     00000202  _PieVectTableInit          
1     00000202  __STACK_END                
1     00000302  _Blinky_ePWM_ADC_M         
1     00000304  _CpuTimer1                 
1     0000030c  _CpuTimer2                 
1     00000314  _CpuTimer0                 
1     0000031c  _Blinky_ePWM_ADC_M_        
1     0000031e  _Blinky_ePWM_ADC_B         
1     00000326  _Blinky_ePWM_ADC_P         
1     0000032c  ___TI_cleanup_ptr          
1     0000032e  ___TI_dtors_ptr            
1     00000330  __lock                     
1     00000332  __unlock                   
1     00000334  _IsrOverrun                
1     00000880  _DevEmuRegs                
1     00000985  _SysPwrCtrlRegs            
1     00000a80  _FlashRegs                 
1     00000ae0  _CsmRegs                   
1     00000b00  _AdcResult                 
1     00000c00  _CpuTimer0Regs             
1     00000c08  _CpuTimer1Regs             
1     00000c10  _CpuTimer2Regs             
1     00000ce0  _PieCtrlRegs               
1     00000d00  _EmuKey                    
1     00000d00  _PieVectTable              
1     00000d01  _EmuBMode                  
1     00000d02  _Flash_CallbackPtr         
1     00000d04  _Flash_CPUScaleFactor      
1     00006400  _Comp1Regs                 
1     00006420  _Comp2Regs                 
1     00006800  _EPwm1Regs                 
1     00006840  _EPwm2Regs                 
1     00006880  _EPwm3Regs                 
1     000068c0  _EPwm4Regs                 
1     00006a00  _ECap1Regs                 
1     00006f80  _GpioCtrlRegs              
1     00006fc0  _GpioDataRegs              
1     00006fe0  _GpioIntRegs               
1     00007010  _SysCtrlRegs               
1     00007040  _SpiaRegs                  
1     00007050  _SciaRegs                  
1     00007060  _NmiIntruptRegs            
1     00007070  _XIntruptRegs              
1     00007100  _AdcRegs                   
1     00007900  _I2caRegs                  
1     003d7fff  _PartIdRegs                
1     003f7ff8  _CsmPwl                    
abs   00000200  __STACK_SIZE               
abs   ffffffff  ___binit__                 
abs   ffffffff  ___c_args__                
abs   ffffffff  ___pinit__                 
abs   ffffffff  binit                      
abs   ffffffff  pinit                      

[170 symbols]
